Archive member included to satisfy reference by file (symbol)

Battery_Software/lib/libmain.a(main.cpp.obj)
                              Battery_Software/boot/CMakeFiles/boot.dir/boot.cpp.obj (main_program(neopixel))
Battery_Software/lib/libneopixel.a(neopixel.cpp.obj)
                              Battery_Software/boot/CMakeFiles/boot.dir/boot.cpp.obj (neopixel::neopixel(pio_hw_t*, unsigned int))
Battery_Software/lib/libtools.a(tools.cpp.obj)
                              Battery_Software/lib/libmain.a(main.cpp.obj) (tools::tools(bool, char const*))
Battery_Software/lib/libpysquared.a(pysquared.cpp.obj)
                              Battery_Software/lib/libmain.a(main.cpp.obj) (pysquared::check_reboot())
Battery_Software/lib/libfunctions.a(functions.cpp.obj)
                              Battery_Software/lib/libmain.a(main.cpp.obj) (satellite_functions::satellite_functions(pysquared&))
Battery_Software/lib/libbig_data.a(Big_Data.cpp.obj)
                              Battery_Software/lib/libfunctions.a(functions.cpp.obj) (Big_Data::Big_Data(i2c_inst*, TCA9548A&))
Battery_Software/lib/libina219.a(INA219.cpp.obj)
                              Battery_Software/lib/libpysquared.a(pysquared.cpp.obj) (INA219::INA219(i2c_inst*, unsigned char))
Battery_Software/lib/libpct2075.a(PCT2075.cpp.obj)
                              Battery_Software/lib/libpysquared.a(pysquared.cpp.obj) (PCT2075::PCT2075(i2c_inst*, unsigned char))
Battery_Software/lib/libpca9685.a(PCA9685.cpp.obj)
                              Battery_Software/lib/libpysquared.a(pysquared.cpp.obj) (PCA9685::PCA9685(i2c_inst*, unsigned char))
Battery_Software/lib/libtca9548a.a(TCA9548A.cpp.obj)
                              Battery_Software/lib/libpysquared.a(pysquared.cpp.obj) (TCA9548A::TCA9548A(i2c_inst*, unsigned char))
Battery_Software/lib/libmcp9808.a(MCP9808.cpp.obj)
                              Battery_Software/lib/libbig_data.a(Big_Data.cpp.obj) (MCP9808::MCP9808(i2c_inst*, unsigned char))
Battery_Software/lib/libveml7700.a(VEML7700.cpp.obj)
                              Battery_Software/lib/libbig_data.a(Big_Data.cpp.obj) (VEML7700::VEML7700(i2c_inst*, unsigned char))
Battery_Software/lib/libdrv2605.a(DRV2605.cpp.obj)
                              Battery_Software/lib/libbig_data.a(Big_Data.cpp.obj) (DRV2605::DRV2605(i2c_inst*, unsigned char))
Battery_Software/lib/libads1015.a(ADS1015.cpp.obj)
                              Battery_Software/lib/libpysquared.a(pysquared.cpp.obj) (ADS1015::ADS1015(i2c_inst*, unsigned char))
/Users/ncc-michael/.pico-sdk/toolchain/13_2_Rel1/bin/../lib/gcc/arm-none-eabi/13.2.1/../../../../arm-none-eabi/lib/thumb/v6-m/nofp/libstdc++.a(eh_arm.o)
                              Battery_Software/lib/libpysquared.a(pysquared.cpp.obj) (__cxa_end_cleanup)
/Users/ncc-michael/.pico-sdk/toolchain/13_2_Rel1/bin/../lib/gcc/arm-none-eabi/13.2.1/../../../../arm-none-eabi/lib/thumb/v6-m/nofp/libstdc++.a(eh_catch.o)
                              Battery_Software/lib/libpysquared.a(pysquared.cpp.obj) (__cxa_begin_catch)
/Users/ncc-michael/.pico-sdk/toolchain/13_2_Rel1/bin/../lib/gcc/arm-none-eabi/13.2.1/../../../../arm-none-eabi/lib/thumb/v6-m/nofp/libstdc++.a(eh_exception.o)
                              /Users/ncc-michael/.pico-sdk/toolchain/13_2_Rel1/bin/../lib/gcc/arm-none-eabi/13.2.1/../../../../arm-none-eabi/lib/thumb/v6-m/nofp/libstdc++.a(eh_arm.o) (typeinfo for __cxxabiv1::__forced_unwind)
/Users/ncc-michael/.pico-sdk/toolchain/13_2_Rel1/bin/../lib/gcc/arm-none-eabi/13.2.1/../../../../arm-none-eabi/lib/thumb/v6-m/nofp/libstdc++.a(eh_globals.o)
                              /Users/ncc-michael/.pico-sdk/toolchain/13_2_Rel1/bin/../lib/gcc/arm-none-eabi/13.2.1/../../../../arm-none-eabi/lib/thumb/v6-m/nofp/libstdc++.a(eh_catch.o) (__cxa_get_globals_fast)
/Users/ncc-michael/.pico-sdk/toolchain/13_2_Rel1/bin/../lib/gcc/arm-none-eabi/13.2.1/../../../../arm-none-eabi/lib/thumb/v6-m/nofp/libstdc++.a(eh_personality.o)
                              Battery_Software/lib/libpysquared.a(pysquared.cpp.obj) (__gxx_personality_v0)
/Users/ncc-michael/.pico-sdk/toolchain/13_2_Rel1/bin/../lib/gcc/arm-none-eabi/13.2.1/../../../../arm-none-eabi/lib/thumb/v6-m/nofp/libstdc++.a(eh_terminate.o)
                              /Users/ncc-michael/.pico-sdk/toolchain/13_2_Rel1/bin/../lib/gcc/arm-none-eabi/13.2.1/../../../../arm-none-eabi/lib/thumb/v6-m/nofp/libstdc++.a(eh_arm.o) (std::terminate())
/Users/ncc-michael/.pico-sdk/toolchain/13_2_Rel1/bin/../lib/gcc/arm-none-eabi/13.2.1/../../../../arm-none-eabi/lib/thumb/v6-m/nofp/libstdc++.a(eh_unex_handler.o)
                              /Users/ncc-michael/.pico-sdk/toolchain/13_2_Rel1/bin/../lib/gcc/arm-none-eabi/13.2.1/../../../../arm-none-eabi/lib/thumb/v6-m/nofp/libstdc++.a(eh_terminate.o) (__cxxabiv1::__unexpected_handler)
/Users/ncc-michael/.pico-sdk/toolchain/13_2_Rel1/bin/../lib/gcc/arm-none-eabi/13.2.1/../../../../arm-none-eabi/lib/thumb/v6-m/nofp/libstdc++.a(si_class_type_info.o)
[...]
Memory Configuration

Name             Origin             Length             Attributes
FLASH            0x10000000         0x00200000         xr
RAM              0x20000000         0x00040000         xrw
SCRATCH_X        0x20040000         0x00001000         xrw
SCRATCH_Y        0x20041000         0x00001000         xrw
*default*        0x00000000         0xffffffff

Linker script and memory map

LOAD /Users/ncc-michael/.pico-sdk/toolchain/13_2_Rel1/bin/../lib/gcc/arm-none-eabi/13.2.1/thumb/v6-m/nofp/crti.o
LOAD /Users/ncc-michael/.pico-sdk/toolchain/13_2_Rel1/bin/../lib/gcc/arm-none-eabi/13.2.1/thumb/v6-m/nofp/crtbegin.o
LOAD /Users/ncc-michael/.pico-sdk/toolchain/13_2_Rel1/bin/../lib/gcc/arm-none-eabi/13.2.1/../../../../arm-none-eabi/lib/thumb/v6-m/nofp/crt0.o

.flash_begin    0x10000000        0x0
                0x10000000                        __flash_binary_start = .

.boot2          0x10000000      0x100
                0x10000000                        __boot2_start__ = .
 *(.boot2)
 .boot2         0x10000000      0x100 /var/folders/1t/mw6knfs17yxcpnrgm2y0w7dr0000gn/T//cc4Tfmoi.o
                0x10000100                        __boot2_end__ = .
                0x00000001                        ASSERT (((__boot2_end__ - __boot2_start__) == 0x100), ERROR: Pico second stage bootloader must be 256 bytes in size)

.text           0x10000100    0x12770
                0x10000100                        __logical_binary_start = .
 *(.vectors)
 .vectors       0x10000100       0xd4 Battery_Software/boot/CMakeFiles/boot.dir/Users/ncc-michael/.pico-sdk/sdk/2.0.0/src/rp2_common/pico_crt0/crt0.S.obj
                0x10000100                __VECTOR_TABLE
                0x10000100                __vectors
                0x100001c0                __default_isrs_start
                0x100001c0                isr_invalid
                0x100001c2                isr_nmi
                0x100001c4                isr_hardfault
                0x100001c6                isr_svcall
                0x100001c8                isr_pendsv
                0x100001ca                isr_systick
                0x100001cc                isr_irq28
                0x100001cc                isr_irq19
                0x100001cc                isr_irq0
                0x100001cc                isr_irq6
                0x100001cc                isr_irq22
                0x100001cc                isr_irq17
                0x100001cc                isr_irq14
                0x100001cc                isr_irq2
                0x100001cc                isr_irq10
                0x100001cc                isr_irq8
                0x100001cc                isr_irq24
                0x100001cc                isr_irq1
                0x100001cc                isr_irq7
                0x100001cc                isr_irq21
                0x100001cc                isr_irq20
                0x100001cc                isr_irq15
                0x100001cc                isr_irq25
                0x100001cc                isr_irq4
                0x100001cc                isr_irq16
                0x100001cc                isr_irq29
                0x100001cc                isr_irq26
                0x100001cc                __default_isrs_end
                0x100001cc                isr_irq3
                0x100001cc                isr_irq9
                0x100001cc                __unhandled_user_irq
                0x100001cc                isr_irq13
                0x100001cc                isr_irq27
                0x100001cc                isr_irq31
                0x100001cc                isr_irq5
                0x100001cc                isr_irq11
                0x100001cc                isr_irq23
                0x100001cc                isr_irq18
                0x100001cc                isr_irq30
                0x100001cc                isr_irq12
                0x100001d2                unhandled_user_irq_num_in_r0
 *(.binary_info_header)
 .binary_info_header
                0x100001d4       0x14 Battery_Software/boot/CMakeFiles/boot.dir/Users/ncc-michael/.pico-sdk/sdk/2.0.0/src/rp2_common/pico_crt0/crt0.S.obj
                0x100001e8                        __binary_info_header_end = .
 *(.embedded_block)
                0x100001e8                        __embedded_block_end = .
 *(.reset)
 .reset         0x100001e8       0x9c Battery_Software/boot/CMakeFiles/boot.dir/Users/ncc-michael/.pico-sdk/sdk/2.0.0/src/rp2_common/pico_crt0/crt0.S.obj
                0x100001e8                _entry_point
 *(.init)
 .init          0x10000284        0x4 /Users/ncc-michael/.pico-sdk/toolchain/13_2_Rel1/bin/../lib/gcc/arm-none-eabi/13.2.1/thumb/v6-m/nofp/crti.o
                0x10000284                _init
 *(EXCLUDE_FILE(*libm.a: *libc.a:*lib_a-mem*.o *libgcc.a:) .text*)
 .text.register_tm_clones
                0x10000288       0x28 /Users/ncc-michael/.pico-sdk/toolchain/13_2_Rel1/bin/../lib/gcc/arm-none-eabi/13.2.1/thumb/v6-m/nofp/crtbegin.o
 .text.frame_dummy
                0x100002b0       0x24 /Users/ncc-michael/.pico-sdk/toolchain/13_2_Rel1/bin/../lib/gcc/arm-none-eabi/13.2.1/thumb/v6-m/nofp/crtbegin.o
 .text._Z18blink_program_initP8pio_hw_tjjjf
                0x100002d4       0xb0 Battery_Software/boot/CMakeFiles/boot.dir/boot.cpp.obj
                0x100002d4                blink_program_init(pio_hw_t*, unsigned int, unsigned int, unsigned int, float)
 .text._Z21generate_blink_pio_smP8pio_hw_tjjjf
                0x10000384       0x44 Battery_Software/boot/CMakeFiles/boot.dir/boot.cpp.obj
                0x10000384                generate_blink_pio_sm(pio_hw_t*, unsigned int, unsigned int, unsigned int, float)
 .text.startup.main
                0x100003c8      0x184 Battery_Software/boot/CMakeFiles/boot.dir/boot.cpp.obj
                0x100003c8                main
 .text.gpio_set_function
                0x1000054c       0x34 Battery_Software/boot/CMakeFiles/boot.dir/Users/ncc-michael/.pico-sdk/sdk/2.0.0/src/rp2_common/hardware_gpio/gpio.c.obj
                0x1000054c                gpio_set_function
 .text.gpio_init
                0x10000580       0x40 Battery_Software/boot/CMakeFiles/boot.dir/Users/ncc-michael/.pico-sdk/sdk/2.0.0/src/rp2_common/hardware_gpio/gpio.c.obj
                0x10000580                gpio_init
 .text.rp2040_chip_version
                0x100005c0        0xc Battery_Software/boot/CMakeFiles/boot.dir/Users/ncc-michael/.pico-sdk/sdk/2.0.0/src/rp2040/pico_platform/platform.c.obj
                0x100005c0                rp2040_chip_version
 .text.panic    0x100005cc       0x30 Battery_Software/boot/CMakeFiles/boot.dir/Users/ncc-michael/.pico-sdk/sdk/2.0.0/src/rp2_common/pico_platform_panic/panic.c.obj
                0x100005cc                panic
 .text.hw_claim_lock
                0x100005fc       0x18 Battery_Software/boot/CMakeFiles/boot.dir/Users/ncc-michael/.pico-sdk/sdk/2.0.0/src/common/hardware_claim/claim.c.obj
                0x100005fc                hw_claim_lock
 .text.hw_claim_unlock
                0x10000614       0x14 Battery_Software/boot/CMakeFiles/boot.dir/Users/ncc-michael/.pico-sdk/sdk/2.0.0/src/common/hardware_claim/claim.c.obj
                0x10000614                hw_claim_unlock
 .text.hw_claim_or_assert
                0x10000628       0x44 Battery_Software/boot/CMakeFiles/boot.dir/Users/ncc-michael/.pico-sdk/sdk/2.0.0/src/common/hardware_claim/claim.c.obj
                0x10000628                hw_claim_or_assert
 .text.hw_claim_unused_from_range
                0x1000066c       0x9c Battery_Software/boot/CMakeFiles/boot.dir/Users/ncc-michael/.pico-sdk/sdk/2.0.0/src/common/hardware_claim/claim.c.obj
                0x1000066c                hw_claim_unused_from_range
 .text.next_striped_spin_lock_num
                0x10000708       0x18 Battery_Software/boot/CMakeFiles/boot.dir/Users/ncc-michael/.pico-sdk/sdk/2.0.0/src/rp2_common/hardware_sync/sync.c.obj
                0x10000708                next_striped_spin_lock_num
 .text.spin_lock_claim_unused
                0x10000720       0x24 Battery_Software/boot/CMakeFiles/boot.dir/Users/ncc-michael/.pico-sdk/sdk/2.0.0/src/rp2_common/hardware_sync/sync.c.obj
                0x10000720                spin_lock_claim_unused
 .text.spin_locks_reset
                0x10000744       0x1c Battery_Software/boot/CMakeFiles/boot.dir/Users/ncc-michael/.pico-sdk/sdk/2.0.0/src/rp2_common/hardware_sync_spin_lock/sync_spin_lock.c.obj
                0x10000744                spin_locks_reset
 .text.runtime_init_per_core_irq_priorities
                0x10000760       0x24 Battery_Software/boot/CMakeFiles/boot.dir/Users/ncc-michael/.pico-sdk/sdk/2.0.0/src/rp2_common/hardware_irq/irq.c.obj
                0x10000760                runtime_init_per_core_irq_priorities
 .text.irq_set_enabled
                0x10000784       0x24 Battery_Software/boot/CMakeFiles/boot.dir/Users/ncc-michael/.pico-sdk/sdk/2.0.0/src/rp2_common/hardware_irq/irq.c.obj
                0x10000784                irq_set_enabled
 .text.irq_is_enabled
                0x100007a8       0x18 Battery_Software/boot/CMakeFiles/boot.dir/Users/ncc-michael/.pico-sdk/sdk/2.0.0/src/rp2_common/hardware_irq/irq.c.obj
                0x100007a8                irq_is_enabled
 .text.irq_set_pending
                0x100007c0       0x10 Battery_Software/boot/CMakeFiles/boot.dir/Users/ncc-michael/.pico-sdk/sdk/2.0.0/src/rp2_common/hardware_irq/irq.c.obj
                0x100007c0                irq_set_pending
 .text.irq_has_shared_handler
                0x100007d0       0x2c Battery_Software/boot/CMakeFiles/boot.dir/Users/ncc-michael/.pico-sdk/sdk/2.0.0/src/rp2_common/hardware_irq/irq.c.obj
                0x100007d0                irq_has_shared_handler
 .text.irq_set_exclusive_handler
                0x100007fc       0x54 Battery_Software/boot/CMakeFiles/boot.dir/Users/ncc-michael/.pico-sdk/sdk/2.0.0/src/rp2_common/hardware_irq/irq.c.obj
                0x100007fc                irq_set_exclusive_handler
 .text.irq_add_shared_handler
                0x10000850      0x1f4 Battery_Software/boot/CMakeFiles/boot.dir/Users/ncc-michael/.pico-sdk/sdk/2.0.0/src/rp2_common/hardware_irq/irq.c.obj
                0x10000850                irq_add_shared_handler
 .text.irq_add_tail_to_free_list
                0x10000a44       0xb4 Battery_Software/boot/CMakeFiles/boot.dir/Users/ncc-michael/.pico-sdk/sdk/2.0.0/src/rp2_common/hardware_irq/irq.c.obj
                0x10000a44                irq_add_tail_to_free_list
 .text.user_irq_claim_unused
                0x10000af8       0x2c Battery_Software/boot/CMakeFiles/boot.dir/Users/ncc-michael/.pico-sdk/sdk/2.0.0/src/rp2_common/hardware_irq/irq.c.obj
                0x10000af8                user_irq_claim_unused
 .text.lock_init
                0x10000b24       0x10 Battery_Software/boot/CMakeFiles/boot.dir/Users/ncc-michael/.pico-sdk/sdk/2.0.0/src/common/pico_sync/lock_core.c.obj
                0x10000b24                lock_init
 .text.runtime_init_mutex
                0x10000b34       0x50 Battery_Software/boot/CMakeFiles/boot.dir/Users/ncc-michael/.pico-sdk/sdk/2.0.0/src/common/pico_sync/mutex.c.obj
                0x10000b34                runtime_init_mutex
 .text.mutex_init
                0x10000b84       0x1c Battery_Software/boot/CMakeFiles/boot.dir/Users/ncc-michael/.pico-sdk/sdk/2.0.0/src/common/pico_sync/mutex.c.obj
                0x10000b84                mutex_init
 .text.critical_section_init
                0x10000ba0       0x1c Battery_Software/boot/CMakeFiles/boot.dir/Users/ncc-michael/.pico-sdk/sdk/2.0.0/src/common/pico_sync/critical_section.c.obj
                0x10000ba0                critical_section_init
 .text.critical_section_init_with_lock_num
                0x10000bbc       0x14 Battery_Software/boot/CMakeFiles/boot.dir/Users/ncc-michael/.pico-sdk/sdk/2.0.0/src/common/pico_sync/critical_section.c.obj
                0x10000bbc                critical_section_init_with_lock_num
 .text.sleep_until_callback
                0x10000bd0       0x30 Battery_Software/boot/CMakeFiles/boot.dir/Users/ncc-michael/.pico-sdk/sdk/2.0.0/src/common/pico_time/time.c.obj
 .text.alarm_pool_irq_handler
                0x10000c00      0x2e4 Battery_Software/boot/CMakeFiles/boot.dir/Users/ncc-michael/.pico-sdk/sdk/2.0.0/src/common/pico_time/time.c.obj
 .text.runtime_init_default_alarm_pool
                0x10000ee4       0xdc Battery_Software/boot/CMakeFiles/boot.dir/Users/ncc-michael/.pico-sdk/sdk/2.0.0/src/common/pico_time/time.c.obj
                0x10000ee4                runtime_init_default_alarm_pool
 .text.alarm_pool_get_default
                0x10000fc0        0x8 Battery_Software/boot/CMakeFiles/boot.dir/Users/ncc-michael/.pico-sdk/sdk/2.0.0/src/common/pico_time/time.c.obj
                0x10000fc0                alarm_pool_get_default
 .text.alarm_pool_add_alarm_at
                0x10000fc8       0xd4 Battery_Software/boot/CMakeFiles/boot.dir/Users/ncc-michael/.pico-sdk/sdk/2.0.0/src/common/pico_time/time.c.obj
                0x10000fc8                alarm_pool_add_alarm_at
 .text.alarm_pool_add_alarm_at_force_in_context
                0x1000109c       0xb0 Battery_Software/boot/CMakeFiles/boot.dir/Users/ncc-michael/.pico-sdk/sdk/2.0.0/src/common/pico_time/time.c.obj
                0x1000109c                alarm_pool_add_alarm_at_force_in_context
 .text.alarm_pool_cancel_alarm
                0x1000114c       0x74 Battery_Software/boot/CMakeFiles/boot.dir/Users/ncc-michael/.pico-sdk/sdk/2.0.0/src/common/pico_time/time.c.obj
                0x1000114c                alarm_pool_cancel_alarm
 .text.alarm_pool_core_num
                0x100011c0        0x4 Battery_Software/boot/CMakeFiles/boot.dir/Users/ncc-michael/.pico-sdk/sdk/2.0.0/src/common/pico_time/time.c.obj
                0x100011c0                alarm_pool_core_num
 .text.sleep_until
                0x100011c4       0xd8 Battery_Software/boot/CMakeFiles/boot.dir/Users/ncc-michael/.pico-sdk/sdk/2.0.0/src/common/pico_time/time.c.obj
                0x100011c4                sleep_until
 .text.sleep_ms
                0x1000129c       0x38 Battery_Software/boot/CMakeFiles/boot.dir/Users/ncc-michael/.pico-sdk/sdk/2.0.0/src/common/pico_time/time.c.obj
                0x1000129c                sleep_ms
 .text.best_effort_wfe_or_timeout
                0x100012d4      0x134 Battery_Software/boot/CMakeFiles/boot.dir/Users/ncc-michael/.pico-sdk/sdk/2.0.0/src/common/pico_time/time.c.obj
                0x100012d4                best_effort_wfe_or_timeout
 .text.check_single_timeout_us
                0x10001408       0x28 Battery_Software/boot/CMakeFiles/boot.dir/Users/ncc-michael/.pico-sdk/sdk/2.0.0/src/common/pico_time/timeout_helper.c.obj
 .text.init_single_timeout_until
                0x10001430        0xc Battery_Software/boot/CMakeFiles/boot.dir/Users/ncc-michael/.pico-sdk/sdk/2.0.0/src/common/pico_time/timeout_helper.c.obj
                0x10001430                init_single_timeout_until
 .text.timer_hardware_alarm_claim
                0x1000143c       0x14 Battery_Software/boot/CMakeFiles/boot.dir/Users/ncc-michael/.pico-sdk/sdk/2.0.0/src/rp2_common/hardware_timer/timer.c.obj
                0x1000143c                timer_hardware_alarm_claim
 .text.timer_time_us_64
                0x10001450       0x10 Battery_Software/boot/CMakeFiles/boot.dir/Users/ncc-michael/.pico-sdk/sdk/2.0.0/src/rp2_common/hardware_timer/timer.c.obj
                0x10001450                timer_time_us_64
 .text.time_us_64
                0x10001460       0x14 Battery_Software/boot/CMakeFiles/boot.dir/Users/ncc-michael/.pico-sdk/sdk/2.0.0/src/rp2_common/hardware_timer/timer.c.obj
                0x10001460                time_us_64
 .text.busy_wait_us
                0x10001474       0x68 Battery_Software/boot/CMakeFiles/boot.dir/Users/ncc-michael/.pico-sdk/sdk/2.0.0/src/rp2_common/hardware_timer/timer.c.obj
                0x10001474                busy_wait_us
 .text.busy_wait_until
                0x100014dc       0x20 Battery_Software/boot/CMakeFiles/boot.dir/Users/ncc-michael/.pico-sdk/sdk/2.0.0/src/rp2_common/hardware_timer/timer.c.obj
                0x100014dc                busy_wait_until
 .text.clock_configure_int_divider
                0x100014fc       0xf4 Battery_Software/boot/CMakeFiles/boot.dir/Users/ncc-michael/.pico-sdk/sdk/2.0.0/src/rp2_common/hardware_clocks/clocks.c.obj
                0x100014fc                clock_configure_int_divider
 .text.clock_configure_undivided
                0x100015f0       0xe8 Battery_Software/boot/CMakeFiles/boot.dir/Users/ncc-michael/.pico-sdk/sdk/2.0.0/src/rp2_common/hardware_clocks/clocks.c.obj
                0x100015f0                clock_configure_undivided
 .text.clock_get_hz
                0x100016d8        0xc Battery_Software/boot/CMakeFiles/boot.dir/Users/ncc-michael/.pico-sdk/sdk/2.0.0/src/rp2_common/hardware_clocks/clocks.c.obj
                0x100016d8                clock_get_hz
 .text.pll_init
                0x100016e4       0xa4 Battery_Software/boot/CMakeFiles/boot.dir/Users/ncc-michael/.pico-sdk/sdk/2.0.0/src/rp2_common/hardware_pll/pll.c.obj
                0x100016e4                pll_init
 .text.watchdog_reboot
                0x10001788       0x9c Battery_Software/boot/CMakeFiles/boot.dir/Users/ncc-michael/.pico-sdk/sdk/2.0.0/src/rp2_common/hardware_watchdog/watchdog.c.obj
                0x10001788                watchdog_reboot
 .text.tick_start
                0x10001824       0x10 Battery_Software/boot/CMakeFiles/boot.dir/Users/ncc-michael/.pico-sdk/sdk/2.0.0/src/rp2_common/hardware_ticks/ticks.c.obj
                0x10001824                tick_start
 .text.xosc_init
                0x10001834       0x28 Battery_Software/boot/CMakeFiles/boot.dir/Users/ncc-michael/.pico-sdk/sdk/2.0.0/src/rp2_common/hardware_xosc/xosc.c.obj
                0x10001834                xosc_init
 .text.first_per_core_initializer
                0x1000185c        0x4 Battery_Software/boot/CMakeFiles/boot.dir/Users/ncc-michael/.pico-sdk/sdk/2.0.0/src/rp2_common/pico_runtime/runtime.c.obj
 .text.hard_assertion_failure
                0x10001860        0xc Battery_Software/boot/CMakeFiles/boot.dir/Users/ncc-michael/.pico-sdk/sdk/2.0.0/src/rp2_common/pico_runtime/runtime.c.obj
                0x10001860                hard_assertion_failure
 .text.runtime_run_initializers
                0x1000186c       0x28 Battery_Software/boot/CMakeFiles/boot.dir/Users/ncc-michael/.pico-sdk/sdk/2.0.0/src/rp2_common/pico_runtime/runtime.c.obj
                0x1000186c                runtime_run_initializers
 .text.runtime_init_early_resets
                0x10001894       0x2c Battery_Software/boot/CMakeFiles/boot.dir/Users/ncc-michael/.pico-sdk/sdk/2.0.0/src/rp2_common/pico_runtime_init/runtime_init.c.obj
                0x10001894                runtime_init_early_resets
 .text.runtime_init_usb_power_down
                0x100018c0       0x1c Battery_Software/boot/CMakeFiles/boot.dir/Users/ncc-michael/.pico-sdk/sdk/2.0.0/src/rp2_common/pico_runtime_init/runtime_init.c.obj
                0x100018c0                runtime_init_usb_power_down
 .text.runtime_init_post_clock_resets
                0x100018dc       0x20 Battery_Software/boot/CMakeFiles/boot.dir/Users/ncc-michael/.pico-sdk/sdk/2.0.0/src/rp2_common/pico_runtime_init/runtime_init.c.obj
                0x100018dc                runtime_init_post_clock_resets
 .text.runtime_init_rp2040_gpio_ie_disable
                0x100018fc       0x14 Battery_Software/boot/CMakeFiles/boot.dir/Users/ncc-michael/.pico-sdk/sdk/2.0.0/src/rp2_common/pico_runtime_init/runtime_init.c.obj
                0x100018fc                runtime_init_rp2040_gpio_ie_disable
 .text.runtime_init_spin_locks_reset
                0x10001910        0x8 Battery_Software/boot/CMakeFiles/boot.dir/Users/ncc-michael/.pico-sdk/sdk/2.0.0/src/rp2_common/pico_runtime_init/runtime_init.c.obj
                0x10001910                runtime_init_spin_locks_reset
 .text.runtime_init_install_ram_vector_table
                0x10001918       0x1c Battery_Software/boot/CMakeFiles/boot.dir/Users/ncc-michael/.pico-sdk/sdk/2.0.0/src/rp2_common/pico_runtime_init/runtime_init.c.obj
                0x10001918                runtime_init_install_ram_vector_table
 .text.runtime_init_clocks
                0x10001934       0xd8 Battery_Software/boot/CMakeFiles/boot.dir/Users/ncc-michael/.pico-sdk/sdk/2.0.0/src/rp2_common/pico_runtime_init/runtime_init_clocks.c.obj
                0x10001934                runtime_init_clocks
 .text          0x10001a0c       0x10 Battery_Software/boot/CMakeFiles/boot.dir/Users/ncc-michael/.pico-sdk/sdk/2.0.0/src/rp2_common/pico_bit_ops/bit_ops_aeabi.S.obj
 .text.rom_func_lookup
                0x10001a1c       0x10 Battery_Software/boot/CMakeFiles/boot.dir/Users/ncc-michael/.pico-sdk/sdk/2.0.0/src/rp2_common/pico_bootrom/bootrom.c.obj
                0x10001a1c                rom_func_lookup
 .text.rom_data_lookup
                0x10001a2c       0x10 Battery_Software/boot/CMakeFiles/boot.dir/Users/ncc-michael/.pico-sdk/sdk/2.0.0/src/rp2_common/pico_bootrom/bootrom.c.obj
                0x10001a2c                rom_data_lookup
 .text.rom_funcs_lookup
                0x10001a3c       0x44 Battery_Software/boot/CMakeFiles/boot.dir/Users/ncc-michael/.pico-sdk/sdk/2.0.0/src/rp2_common/pico_bootrom/bootrom.c.obj
                0x10001a3c                rom_funcs_lookup
 .text.rom_reset_usb_boot
                0x10001a80       0x20 Battery_Software/boot/CMakeFiles/boot.dir/Users/ncc-michael/.pico-sdk/sdk/2.0.0/src/rp2_common/pico_bootrom/bootrom.c.obj
                0x10001a80                rom_reset_usb_boot
 .text.__wrap___aeabi_idiv
                0x10001aa0       0x50 Battery_Software/boot/CMakeFiles/boot.dir/Users/ncc-michael/.pico-sdk/sdk/2.0.0/src/rp2_common/pico_divider/divider_hardware.S.obj
                0x10001aa0                __wrap___aeabi_idivmod
                0x10001aa0                divmod_s32s32
                0x10001aa0                div_s32s32
                0x10001aa0                __wrap___aeabi_idiv
                0x10001aa8                divmod_s32s32_unsafe
                0x10001ad4                divmod_s32s32_savestate
 .text.__wrap___aeabi_uidiv
                0x10001af0       0x4c Battery_Software/boot/CMakeFiles/boot.dir/Users/ncc-michael/.pico-sdk/sdk/2.0.0/src/rp2_common/pico_divider/divider_hardware.S.obj
                0x10001af0                __wrap___aeabi_uidiv
                0x10001af0                __wrap___aeabi_uidivmod
                0x10001af0                div_u32u32
                0x10001af0                divmod_u32u32
                0x10001af8                divmod_u32u32_unsafe
                0x10001b20                divmod_u32u32_savestate
 .text.__wrap___aeabi_ldiv
                0x10001b3c      0x424 Battery_Software/boot/CMakeFiles/boot.dir/Users/ncc-michael/.pico-sdk/sdk/2.0.0/src/rp2_common/pico_divider/divider_hardware.S.obj
                0x10001b3c                __wrap___aeabi_ldivmod
                0x10001b3c                div_s64s64
                0x10001b3c                divmod_s64s64
                0x10001b6c                divmod_u64u64
                0x10001b6c                div_u64u64
                0x10001b6c                __wrap___aeabi_uldivmod
                0x10001b7c                divmod_u64u64_savestate
                0x10001b9c                divmod_s64s64_unsafe
                0x10001c24                divmod_u64u64_unsafe
 .text.__wrap___aeabi_darithmetic
                0x10001f60       0x80 Battery_Software/boot/CMakeFiles/boot.dir/Users/ncc-michael/.pico-sdk/sdk/2.0.0/src/rp2_common/pico_double/double_aeabi_rp2040.S.obj
                0x10001f60                __wrap___aeabi_drsub
                0x10001f66                __wrap___aeabi_dsub
                0x10001f78                __wrap___aeabi_dadd
                0x10001f8a                __wrap___aeabi_ddiv
                0x10001fc6                __wrap___aeabi_dmul
 .text.__wrap___aeabi_cdcmple
                0x10001fe0       0x6c Battery_Software/boot/CMakeFiles/boot.dir/Users/ncc-michael/.pico-sdk/sdk/2.0.0/src/rp2_common/pico_double/double_aeabi_rp2040.S.obj
                0x10001fe0                __wrap___aeabi_cdrcmple
                0x10001ff0                __wrap___aeabi_cdcmple
                0x10001ff0                __wrap___aeabi_cdcmpeq
 .text.__wrap___aeabi_dcmplt
                0x1000204c        0xc Battery_Software/boot/CMakeFiles/boot.dir/Users/ncc-michael/.pico-sdk/sdk/2.0.0/src/rp2_common/pico_double/double_aeabi_rp2040.S.obj
                0x1000204c                __wrap___aeabi_dcmplt
 .text.__wrap___aeabi_dcmpge
                0x10002058       0x10 Battery_Software/boot/CMakeFiles/boot.dir/Users/ncc-michael/.pico-sdk/sdk/2.0.0/src/rp2_common/pico_double/double_aeabi_rp2040.S.obj
                0x10002058                __wrap___aeabi_dcmpge
 .text.__wrap___aeabi_dcmpgt
                0x10002068        0xa Battery_Software/boot/CMakeFiles/boot.dir/Users/ncc-michael/.pico-sdk/sdk/2.0.0/src/rp2_common/pico_double/double_aeabi_rp2040.S.obj
                0x10002068                __wrap___aeabi_dcmpgt
 .text.__wrap___aeabi_dcmpun
                0x10002072       0x18 Battery_Software/boot/CMakeFiles/boot.dir/Users/ncc-michael/.pico-sdk/sdk/2.0.0/src/rp2_common/pico_double/double_aeabi_rp2040.S.obj
                0x10002072                __wrap___aeabi_dcmpun
 *fill*         0x1000208a        0x2 
 .text.__wrap___aeabi_i2d
                0x1000208c       0x38 Battery_Software/boot/CMakeFiles/boot.dir/Users/ncc-michael/.pico-sdk/sdk/2.0.0/src/rp2_common/pico_double/double_aeabi_rp2040.S.obj
                0x1000208c                __wrap___aeabi_ui2d
                0x10002094                __wrap___aeabi_i2d
 .text.__wrap___aeabi_d2iz
                0x100020c4       0x48 Battery_Software/boot/CMakeFiles/boot.dir/Users/ncc-michael/.pico-sdk/sdk/2.0.0/src/rp2_common/pico_double/double_aeabi_rp2040.S.obj
                0x100020c4                __wrap___aeabi_d2iz
                0x100020c4                double2int_z
 .text.__wrap___aeabi_d2uiz
                0x1000210c       0x18 Battery_Software/boot/CMakeFiles/boot.dir/Users/ncc-michael/.pico-sdk/sdk/2.0.0/src/rp2_common/pico_double/double_aeabi_rp2040.S.obj
                0x1000210c                double2uint
                0x1000210c                __wrap___aeabi_d2uiz
 .text.__wrap___aeabi_d2f
                0x10002124       0x18 Battery_Software/boot/CMakeFiles/boot.dir/Users/ncc-michael/.pico-sdk/sdk/2.0.0/src/rp2_common/pico_double/double_aeabi_rp2040.S.obj
                0x10002124                __wrap___aeabi_d2f
 .text.__aeabi_double_init
                0x1000213c       0xa4 Battery_Software/boot/CMakeFiles/boot.dir/Users/ncc-michael/.pico-sdk/sdk/2.0.0/src/rp2_common/pico_double/double_init_rom_rp2040.c.obj
                0x1000213c                __aeabi_double_init
 .text.double_table_shim_on_use_helper
                0x100021e0       0x2c Battery_Software/boot/CMakeFiles/boot.dir/Users/ncc-michael/.pico-sdk/sdk/2.0.0/src/rp2_common/pico_double/double_v1_rom_shim_rp2040.S.obj
                0x100021e0                double_table_shim_on_use_helper
 .text.__wrap___aeabi_dsub
                0x1000220c       0x10 Battery_Software/boot/CMakeFiles/boot.dir/Users/ncc-michael/.pico-sdk/sdk/2.0.0/src/rp2_common/pico_double/double_v1_rom_shim_rp2040.S.obj
                0x1000220c                drsub_shim
                0x10002212                dsub_shim
 .text.dadd_shim
                0x1000221c      0x15c Battery_Software/boot/CMakeFiles/boot.dir/Users/ncc-michael/.pico-sdk/sdk/2.0.0/src/rp2_common/pico_double/double_v1_rom_shim_rp2040.S.obj
                0x1000221c                dadd_shim
 .text.dmul_shim
                0x10002378      0x15c Battery_Software/boot/CMakeFiles/boot.dir/Users/ncc-michael/.pico-sdk/sdk/2.0.0/src/rp2_common/pico_double/double_v1_rom_shim_rp2040.S.obj
                0x10002378                dmul_shim
 .text.ddiv_shim
                0x100024d4      0x1b0 Battery_Software/boot/CMakeFiles/boot.dir/Users/ncc-michael/.pico-sdk/sdk/2.0.0/src/rp2_common/pico_double/double_v1_rom_shim_rp2040.S.obj
                0x100024d4                ddiv_shim
 .text.double2uint_shim
                0x10002684        0xe Battery_Software/boot/CMakeFiles/boot.dir/Users/ncc-michael/.pico-sdk/sdk/2.0.0/src/rp2_common/pico_double/double_v1_rom_shim_rp2040.S.obj
                0x10002684                double2uint_shim
                0x10002686                double2ufix_shim
 *fill*         0x10002692        0x2 
 .text.double2uint64_shim
                0x10002694       0x70 Battery_Software/boot/CMakeFiles/boot.dir/Users/ncc-michael/.pico-sdk/sdk/2.0.0/src/rp2_common/pico_double/double_v1_rom_shim_rp2040.S.obj
                0x10002694                double2uint64_shim
                0x10002696                double2ufix64_shim
                0x100026b6                d2fix_a
 .text.double2float_shim
                0x10002704       0x5c Battery_Software/boot/CMakeFiles/boot.dir/Users/ncc-michael/.pico-sdk/sdk/2.0.0/src/rp2_common/pico_double/double_v1_rom_shim_rp2040.S.obj
                0x10002704                double2float_shim
 .text.dunpacks
                0x10002760       0x3c Battery_Software/boot/CMakeFiles/boot.dir/Users/ncc-michael/.pico-sdk/sdk/2.0.0/src/rp2_common/pico_double/double_v1_rom_shim_rp2040.S.obj
                0x10002760                dunpacks
 .text.__aeabi_lmul
                0x1000279c       0x32 Battery_Software/boot/CMakeFiles/boot.dir/Users/ncc-michael/.pico-sdk/sdk/2.0.0/src/rp2_common/pico_int64_ops/pico_int64_ops_aeabi.S.obj
                0x1000279c                __wrap___aeabi_lmul
 *fill*         0x100027ce        0x2 
 .text.__wrap___aeabi_farithmetic
                0x100027d0       0x48 Battery_Software/boot/CMakeFiles/boot.dir/Users/ncc-michael/.pico-sdk/sdk/2.0.0/src/rp2_common/pico_float/float_aeabi_rp2040.S.obj
                0x100027d0                __wrap___aeabi_frsub
                0x100027d6                __wrap___aeabi_fsub
                0x100027dc                __wrap___aeabi_fadd
                0x100027e2                __wrap___aeabi_fdiv
                0x1000280a                __wrap___aeabi_fmul
 .text.__wrap___aeabi_cfcmple
                0x10002818       0x50 Battery_Software/boot/CMakeFiles/boot.dir/Users/ncc-michael/.pico-sdk/sdk/2.0.0/src/rp2_common/pico_float/float_aeabi_rp2040.S.obj
                0x10002818                __wrap___aeabi_cfrcmple
                0x10002824                __wrap___aeabi_cfcmpeq
                0x10002824                __wrap___aeabi_cfcmple
 .text.__wrap___aeabi_fcmplt
                0x10002868        0xc Battery_Software/boot/CMakeFiles/boot.dir/Users/ncc-michael/.pico-sdk/sdk/2.0.0/src/rp2_common/pico_float/float_aeabi_rp2040.S.obj
                0x10002868                __wrap___aeabi_fcmplt
 .text.__wrap___aeabi_ui2f
                0x10002874        0xa Battery_Software/boot/CMakeFiles/boot.dir/Users/ncc-michael/.pico-sdk/sdk/2.0.0/src/rp2_common/pico_float/float_aeabi_rp2040.S.obj
                0x10002874                uint2float
                0x10002874                __wrap___aeabi_ui2f
 *fill*         0x1000287e        0x2 
 .text.__wrap___aeabi_i2f
                0x10002880       0x44 Battery_Software/boot/CMakeFiles/boot.dir/Users/ncc-michael/.pico-sdk/sdk/2.0.0/src/rp2_common/pico_float/float_aeabi_rp2040.S.obj
                0x10002880                int2float
                0x10002880                __wrap___aeabi_i2f
 .text.__wrap___aeabi_f2uiz
                0x100028c4        0xc Battery_Software/boot/CMakeFiles/boot.dir/Users/ncc-michael/.pico-sdk/sdk/2.0.0/src/rp2_common/pico_float/float_aeabi_rp2040.S.obj
                0x100028c4                float2uint_z
                0x100028c4                __wrap___aeabi_f2uiz
 .text.__wrap___aeabi_f2d
                0x100028d0       0x14 Battery_Software/boot/CMakeFiles/boot.dir/Users/ncc-michael/.pico-sdk/sdk/2.0.0/src/rp2_common/pico_float/float_aeabi_rp2040.S.obj
                0x100028d0                __wrap___aeabi_f2d
 .text.__aeabi_float_init
                0x100028e4       0x64 Battery_Software/boot/CMakeFiles/boot.dir/Users/ncc-michael/.pico-sdk/sdk/2.0.0/src/rp2_common/pico_float/float_init_rom_rp2040.c.obj
                0x100028e4                __aeabi_float_init
 .text.float_table_shim_on_use_helper
                0x10002948       0x2c Battery_Software/boot/CMakeFiles/boot.dir/Users/ncc-michael/.pico-sdk/sdk/2.0.0/src/rp2_common/pico_float/float_v1_rom_shim_rp2040.S.obj
                0x10002948                float_table_shim_on_use_helper
 .text.float2double_shim
                0x10002974       0x30 Battery_Software/boot/CMakeFiles/boot.dir/Users/ncc-michael/.pico-sdk/sdk/2.0.0/src/rp2_common/pico_float/float_v1_rom_shim_rp2040.S.obj
                0x10002974                float2double_shim
 .text.__wrap_malloc
                0x100029a4       0x24 Battery_Software/boot/CMakeFiles/boot.dir/Users/ncc-michael/.pico-sdk/sdk/2.0.0/src/rp2_common/pico_malloc/malloc.c.obj
                0x100029a4                __wrap_malloc
 .text.__wrap_realloc
                0x100029c8       0x24 Battery_Software/boot/CMakeFiles/boot.dir/Users/ncc-michael/.pico-sdk/sdk/2.0.0/src/rp2_common/pico_malloc/malloc.c.obj
                0x100029c8                __wrap_realloc
 .text.__wrap_free
                0x100029ec        0x8 Battery_Software/boot/CMakeFiles/boot.dir/Users/ncc-michael/.pico-sdk/sdk/2.0.0/src/rp2_common/pico_malloc/malloc.c.obj
                0x100029ec                __wrap_free
 .text          0x100029f4       0x10 Battery_Software/boot/CMakeFiles/boot.dir/Users/ncc-michael/.pico-sdk/sdk/2.0.0/src/rp2_common/pico_mem_ops/mem_ops_aeabi.S.obj
                0x100029f4                __aeabi_mem_init
 .text.memset   0x10002a04        0xc Battery_Software/boot/CMakeFiles/boot.dir/Users/ncc-michael/.pico-sdk/sdk/2.0.0/src/rp2_common/pico_mem_ops/mem_ops_aeabi.S.obj
                0x10002a04                __wrap_memset
 .text.memcpy   0x10002a10        0xc Battery_Software/boot/CMakeFiles/boot.dir/Users/ncc-michael/.pico-sdk/sdk/2.0.0/src/rp2_common/pico_mem_ops/mem_ops_aeabi.S.obj
                0x10002a10                __wrap___aeabi_memcpy
                0x10002a10                __wrap_memcpy
 .text._out_buffer
                0x10002a1c        0x8 Battery_Software/boot/CMakeFiles/boot.dir/Users/ncc-michael/.pico-sdk/sdk/2.0.0/src/rp2_common/pico_printf/printf.c.obj
 .text._out_null
                0x10002a24        0x4 Battery_Software/boot/CMakeFiles/boot.dir/Users/ncc-michael/.pico-sdk/sdk/2.0.0/src/rp2_common/pico_printf/printf.c.obj
 .text._out_rev
                0x10002a28       0xac Battery_Software/boot/CMakeFiles/boot.dir/Users/ncc-michael/.pico-sdk/sdk/2.0.0/src/rp2_common/pico_printf/printf.c.obj
 .text._ntoa_format
                0x10002ad4      0x250 Battery_Software/boot/CMakeFiles/boot.dir/Users/ncc-michael/.pico-sdk/sdk/2.0.0/src/rp2_common/pico_printf/printf.c.obj
 .text._out_char
                0x10002d24       0x10 Battery_Software/boot/CMakeFiles/boot.dir/Users/ncc-michael/.pico-sdk/sdk/2.0.0/src/rp2_common/pico_printf/printf.c.obj
 .text._out_fct
                0x10002d34       0x10 Battery_Software/boot/CMakeFiles/boot.dir/Users/ncc-michael/.pico-sdk/sdk/2.0.0/src/rp2_common/pico_printf/printf.c.obj
 .text._etoa    0x10002d44      0x464 Battery_Software/boot/CMakeFiles/boot.dir/Users/ncc-michael/.pico-sdk/sdk/2.0.0/src/rp2_common/pico_printf/printf.c.obj
 .text._ftoa    0x100031a8      0x3c0 Battery_Software/boot/CMakeFiles/boot.dir/Users/ncc-michael/.pico-sdk/sdk/2.0.0/src/rp2_common/pico_printf/printf.c.obj
 .text._vsnprintf
                0x10003568      0xbc8 Battery_Software/boot/CMakeFiles/boot.dir/Users/ncc-michael/.pico-sdk/sdk/2.0.0/src/rp2_common/pico_printf/printf.c.obj
 .text.__wrap_sprintf
                0x10004130       0x2c Battery_Software/boot/CMakeFiles/boot.dir/Users/ncc-michael/.pico-sdk/sdk/2.0.0/src/rp2_common/pico_printf/printf.c.obj
                0x10004130                __wrap_sprintf
 .text.vfctprintf
                0x1000415c       0x20 Battery_Software/boot/CMakeFiles/boot.dir/Users/ncc-michael/.pico-sdk/sdk/2.0.0/src/rp2_common/pico_printf/printf.c.obj
                0x1000415c                vfctprintf
 .text.weak_raw_vprintf
                0x1000417c       0x30 Battery_Software/boot/CMakeFiles/boot.dir/Users/ncc-michael/.pico-sdk/sdk/2.0.0/src/rp2_common/pico_printf/printf.c.obj
                0x1000417c                weak_raw_vprintf
 .text._exit    0x100041ac        0x4 Battery_Software/boot/CMakeFiles/boot.dir/Users/ncc-michael/.pico-sdk/sdk/2.0.0/src/rp2_common/pico_clib_interface/newlib_interface.c.obj
                0x100041ac                _exit
 .text._sbrk    0x100041b0       0x34 Battery_Software/boot/CMakeFiles/boot.dir/Users/ncc-michael/.pico-sdk/sdk/2.0.0/src/rp2_common/pico_clib_interface/newlib_interface.c.obj
                0x100041b0                _sbrk
 .text._getpid  0x100041e4        0x4 Battery_Software/boot/CMakeFiles/boot.dir/Users/ncc-michael/.pico-sdk/sdk/2.0.0/src/rp2_common/pico_clib_interface/newlib_interface.c.obj
                0x100041e4                _getpid
 .text._kill    0x100041e8        0x8 Battery_Software/boot/CMakeFiles/boot.dir/Users/ncc-michael/.pico-sdk/sdk/2.0.0/src/rp2_common/pico_clib_interface/newlib_interface.c.obj
                0x100041e8                _kill
 .text._read    0x100041f0       0x24 Battery_Software/boot/CMakeFiles/boot.dir/Users/ncc-michael/.pico-sdk/sdk/2.0.0/src/rp2_common/pico_clib_interface/newlib_interface.c.obj
                0x100041f0                _read
 .text._write   0x10004214       0x24 Battery_Software/boot/CMakeFiles/boot.dir/Users/ncc-michael/.pico-sdk/sdk/2.0.0/src/rp2_common/pico_clib_interface/newlib_interface.c.obj
                0x10004214                _write
 .text._close   0x10004238        0x8 Battery_Software/boot/CMakeFiles/boot.dir/Users/ncc-michael/.pico-sdk/sdk/2.0.0/src/rp2_common/pico_clib_interface/newlib_interface.c.obj
                0x10004238                _close
 .text._lseek   0x10004240        0x8 Battery_Software/boot/CMakeFiles/boot.dir/Users/ncc-michael/.pico-sdk/sdk/2.0.0/src/rp2_common/pico_clib_interface/newlib_interface.c.obj
                0x10004240                _lseek
 .text._fstat   0x10004248        0x8 Battery_Software/boot/CMakeFiles/boot.dir/Users/ncc-michael/.pico-sdk/sdk/2.0.0/src/rp2_common/pico_clib_interface/newlib_interface.c.obj
                0x10004248                _fstat
 .text._isatty  0x10004250        0xc Battery_Software/boot/CMakeFiles/boot.dir/Users/ncc-michael/.pico-sdk/sdk/2.0.0/src/rp2_common/pico_clib_interface/newlib_interface.c.obj
                0x10004250                _isatty
 .text.exit     0x1000425c        0x8 Battery_Software/boot/CMakeFiles/boot.dir/Users/ncc-michael/.pico-sdk/sdk/2.0.0/src/rp2_common/pico_clib_interface/newlib_interface.c.obj
                0x1000425c                exit
 .text.runtime_init
                0x10004264       0x2c Battery_Software/boot/CMakeFiles/boot.dir/Users/ncc-michael/.pico-sdk/sdk/2.0.0/src/rp2_common/pico_clib_interface/newlib_interface.c.obj
                0x10004264                runtime_init
 .text.stdio_out_chars_no_crlf
                0x10004290       0x10 Battery_Software/boot/CMakeFiles/boot.dir/Users/ncc-michael/.pico-sdk/sdk/2.0.0/src/rp2_common/pico_stdio/stdio.c.obj
 .text.stdio_out_chars_crlf
                0x100042a0       0x94 Battery_Software/boot/CMakeFiles/boot.dir/Users/ncc-michael/.pico-sdk/sdk/2.0.0/src/rp2_common/pico_stdio/stdio.c.obj
 .text.stdio_buffered_printer
                0x10004334       0x64 Battery_Software/boot/CMakeFiles/boot.dir/Users/ncc-michael/.pico-sdk/sdk/2.0.0/src/rp2_common/pico_stdio/stdio.c.obj
 .text.stdio_put_string
                0x10004398      0x100 Battery_Software/boot/CMakeFiles/boot.dir/Users/ncc-michael/.pico-sdk/sdk/2.0.0/src/rp2_common/pico_stdio/stdio.c.obj
                0x10004398                stdio_put_string
 .text.stdio_get_until
                0x10004498       0x84 Battery_Software/boot/CMakeFiles/boot.dir/Users/ncc-michael/.pico-sdk/sdk/2.0.0/src/rp2_common/pico_stdio/stdio.c.obj
                0x10004498                stdio_get_until
 .text.stdio_set_driver_enabled
                0x1000451c       0x30 Battery_Software/boot/CMakeFiles/boot.dir/Users/ncc-michael/.pico-sdk/sdk/2.0.0/src/rp2_common/pico_stdio/stdio.c.obj
                0x1000451c                stdio_set_driver_enabled
 .text.stdio_init_all
                0x1000454c        0x8 Battery_Software/boot/CMakeFiles/boot.dir/Users/ncc-michael/.pico-sdk/sdk/2.0.0/src/rp2_common/pico_stdio/stdio.c.obj
                0x1000454c                stdio_init_all
 .text.__wrap_putchar
                0x10004554       0x98 Battery_Software/boot/CMakeFiles/boot.dir/Users/ncc-michael/.pico-sdk/sdk/2.0.0/src/rp2_common/pico_stdio/stdio.c.obj
                0x10004554                stdio_putchar
                0x10004554                __wrap_putchar
 .text.__wrap_puts
                0x100045ec       0x3c Battery_Software/boot/CMakeFiles/boot.dir/Users/ncc-michael/.pico-sdk/sdk/2.0.0/src/rp2_common/pico_stdio/stdio.c.obj
                0x100045ec                __wrap_puts
                0x100045ec                stdio_puts
 .text.__wrap_vprintf
                0x10004628       0xd4 Battery_Software/boot/CMakeFiles/boot.dir/Users/ncc-michael/.pico-sdk/sdk/2.0.0/src/rp2_common/pico_stdio/stdio.c.obj
                0x10004628                __wrap_vprintf
                0x10004628                stdio_vprintf
 .text.__wrap_printf
                0x100046fc       0x18 Battery_Software/boot/CMakeFiles/boot.dir/Users/ncc-michael/.pico-sdk/sdk/2.0.0/src/rp2_common/pico_stdio/stdio.c.obj
                0x100046fc                stdio_printf
                0x100046fc                __wrap_printf
 .text.resetd_init
                0x10004714        0x4 Battery_Software/boot/CMakeFiles/boot.dir/Users/ncc-michael/.pico-sdk/sdk/2.0.0/src/rp2_common/pico_stdio_usb/reset_interface.c.obj
 .text.resetd_reset
                0x10004718        0xc Battery_Software/boot/CMakeFiles/boot.dir/Users/ncc-michael/.pico-sdk/sdk/2.0.0/src/rp2_common/pico_stdio_usb/reset_interface.c.obj
 .text.resetd_open
                0x10004724       0x28 Battery_Software/boot/CMakeFiles/boot.dir/Users/ncc-michael/.pico-sdk/sdk/2.0.0/src/rp2_common/pico_stdio_usb/reset_interface.c.obj
 .text.resetd_xfer_cb
                0x1000474c        0x4 Battery_Software/boot/CMakeFiles/boot.dir/Users/ncc-michael/.pico-sdk/sdk/2.0.0/src/rp2_common/pico_stdio_usb/reset_interface.c.obj
 .text.resetd_control_xfer_cb
                0x10004750       0x54 Battery_Software/boot/CMakeFiles/boot.dir/Users/ncc-michael/.pico-sdk/sdk/2.0.0/src/rp2_common/pico_stdio_usb/reset_interface.c.obj
 .text.tud_descriptor_bos_cb
                0x100047a4        0x8 Battery_Software/boot/CMakeFiles/boot.dir/Users/ncc-michael/.pico-sdk/sdk/2.0.0/src/rp2_common/pico_stdio_usb/reset_interface.c.obj
                0x100047a4                tud_descriptor_bos_cb
 .text.tud_vendor_control_xfer_cb
                0x100047ac       0x34 Battery_Software/boot/CMakeFiles/boot.dir/Users/ncc-michael/.pico-sdk/sdk/2.0.0/src/rp2_common/pico_stdio_usb/reset_interface.c.obj
                0x100047ac                tud_vendor_control_xfer_cb
 .text.usbd_app_driver_get_cb
                0x100047e0        0xc Battery_Software/boot/CMakeFiles/boot.dir/Users/ncc-michael/.pico-sdk/sdk/2.0.0/src/rp2_common/pico_stdio_usb/reset_interface.c.obj
                0x100047e0                usbd_app_driver_get_cb
 .text.tud_cdc_line_coding_cb
                0x100047ec       0x28 Battery_Software/boot/CMakeFiles/boot.dir/Users/ncc-michael/.pico-sdk/sdk/2.0.0/src/rp2_common/pico_stdio_usb/reset_interface.c.obj
                0x100047ec                tud_cdc_line_coding_cb
 .text.stdio_usb_set_chars_available_callback
                0x10004814       0x14 Battery_Software/boot/CMakeFiles/boot.dir/Users/ncc-michael/.pico-sdk/sdk/2.0.0/src/rp2_common/pico_stdio_usb/stdio_usb.c.obj
                0x10004814                stdio_usb_set_chars_available_callback
 .text.usb_irq  0x10004828       0x10 Battery_Software/boot/CMakeFiles/boot.dir/Users/ncc-michael/.pico-sdk/sdk/2.0.0/src/rp2_common/pico_stdio_usb/stdio_usb.c.obj
 .text.timer_task
                0x10004838       0x64 Battery_Software/boot/CMakeFiles/boot.dir/Users/ncc-michael/.pico-sdk/sdk/2.0.0/src/rp2_common/pico_stdio_usb/stdio_usb.c.obj
 .text.stdio_usb_in_chars
                0x1000489c       0x90 Battery_Software/boot/CMakeFiles/boot.dir/Users/ncc-michael/.pico-sdk/sdk/2.0.0/src/rp2_common/pico_stdio_usb/stdio_usb.c.obj
                0x1000489c                stdio_usb_in_chars
 .text.stdio_usb_out_flush
                0x1000492c       0x50 Battery_Software/boot/CMakeFiles/boot.dir/Users/ncc-michael/.pico-sdk/sdk/2.0.0/src/rp2_common/pico_stdio_usb/stdio_usb.c.obj
 .text.stdio_usb_out_chars
                0x1000497c      0x104 Battery_Software/boot/CMakeFiles/boot.dir/Users/ncc-michael/.pico-sdk/sdk/2.0.0/src/rp2_common/pico_stdio_usb/stdio_usb.c.obj
 .text.low_priority_worker_irq
                0x10004a80       0xcc Battery_Software/boot/CMakeFiles/boot.dir/Users/ncc-michael/.pico-sdk/sdk/2.0.0/src/rp2_common/pico_stdio_usb/stdio_usb.c.obj
 .text.stdio_usb_init
                0x10004b4c       0xe8 Battery_Software/boot/CMakeFiles/boot.dir/Users/ncc-michael/.pico-sdk/sdk/2.0.0/src/rp2_common/pico_stdio_usb/stdio_usb.c.obj
                0x10004b4c                stdio_usb_init
 .text.tud_descriptor_device_cb
                0x10004c34        0x8 Battery_Software/boot/CMakeFiles/boot.dir/Users/ncc-michael/.pico-sdk/sdk/2.0.0/src/rp2_common/pico_stdio_usb/stdio_usb_descriptors.c.obj
                0x10004c34                tud_descriptor_device_cb
 .text.tud_descriptor_configuration_cb
                0x10004c3c        0x8 Battery_Software/boot/CMakeFiles/boot.dir/Users/ncc-michael/.pico-sdk/sdk/2.0.0/src/rp2_common/pico_stdio_usb/stdio_usb_descriptors.c.obj
                0x10004c3c                tud_descriptor_configuration_cb
 .text.tud_descriptor_string_cb
                0x10004c44       0x78 Battery_Software/boot/CMakeFiles/boot.dir/Users/ncc-michael/.pico-sdk/sdk/2.0.0/src/rp2_common/pico_stdio_usb/stdio_usb_descriptors.c.obj
                0x10004c44                tud_descriptor_string_cb
 .text.startup._retrieve_unique_id_on_boot
                0x10004cbc       0x10 Battery_Software/boot/CMakeFiles/boot.dir/Users/ncc-michael/.pico-sdk/sdk/2.0.0/src/rp2_common/pico_unique_id/unique_id.c.obj
 .text.pico_get_unique_board_id_string
                0x10004ccc      0x1a8 Battery_Software/boot/CMakeFiles/boot.dir/Users/ncc-michael/.pico-sdk/sdk/2.0.0/src/rp2_common/pico_unique_id/unique_id.c.obj
                0x10004ccc                pico_get_unique_board_id_string
 .text.flash_get_unique_id
                0x10004e74       0x3c Battery_Software/boot/CMakeFiles/boot.dir/Users/ncc-michael/.pico-sdk/sdk/2.0.0/src/rp2_common/hardware_flash/flash.c.obj
                0x10004e74                flash_get_unique_id
 .text.dcd_init
                0x10004eb0       0x8c Battery_Software/boot/CMakeFiles/boot.dir/Users/ncc-michael/.pico-sdk/sdk/2.0.0/lib/tinyusb/src/portable/raspberrypi/rp2040/dcd_rp2040.c.obj
                0x10004eb0                dcd_init
 .text.dcd_int_enable
                0x10004f3c        0xc Battery_Software/boot/CMakeFiles/boot.dir/Users/ncc-michael/.pico-sdk/sdk/2.0.0/lib/tinyusb/src/portable/raspberrypi/rp2040/dcd_rp2040.c.obj
                0x10004f3c                dcd_int_enable
 .text.dcd_set_address
                0x10004f48       0x14 Battery_Software/boot/CMakeFiles/boot.dir/Users/ncc-michael/.pico-sdk/sdk/2.0.0/lib/tinyusb/src/portable/raspberrypi/rp2040/dcd_rp2040.c.obj
                0x10004f48                dcd_set_address
 .text.dcd_sof_enable
                0x10004f5c       0x1c Battery_Software/boot/CMakeFiles/boot.dir/Users/ncc-michael/.pico-sdk/sdk/2.0.0/lib/tinyusb/src/portable/raspberrypi/rp2040/dcd_rp2040.c.obj
                0x10004f5c                dcd_sof_enable
 .text.dcd_edpt0_status_complete
                0x10004f78       0x1c Battery_Software/boot/CMakeFiles/boot.dir/Users/ncc-michael/.pico-sdk/sdk/2.0.0/lib/tinyusb/src/portable/raspberrypi/rp2040/dcd_rp2040.c.obj
                0x10004f78                dcd_edpt0_status_complete
 .text.dcd_edpt_open
                0x10004f94      0x108 Battery_Software/boot/CMakeFiles/boot.dir/Users/ncc-michael/.pico-sdk/sdk/2.0.0/lib/tinyusb/src/portable/raspberrypi/rp2040/dcd_rp2040.c.obj
                0x10004f94                dcd_edpt_open
 .text.dcd_edpt_close_all
                0x1000509c        0x8 Battery_Software/boot/CMakeFiles/boot.dir/Users/ncc-michael/.pico-sdk/sdk/2.0.0/lib/tinyusb/src/portable/raspberrypi/rp2040/dcd_rp2040.c.obj
                0x1000509c                dcd_edpt_close_all
 .text.dcd_edpt_xfer
                0x100050a4       0x24 Battery_Software/boot/CMakeFiles/boot.dir/Users/ncc-michael/.pico-sdk/sdk/2.0.0/lib/tinyusb/src/portable/raspberrypi/rp2040/dcd_rp2040.c.obj
                0x100050a4                dcd_edpt_xfer
 .text.dcd_edpt_stall
                0x100050c8       0x34 Battery_Software/boot/CMakeFiles/boot.dir/Users/ncc-michael/.pico-sdk/sdk/2.0.0/lib/tinyusb/src/portable/raspberrypi/rp2040/dcd_rp2040.c.obj
                0x100050c8                dcd_edpt_stall
 .text.dcd_edpt_clear_stall
                0x100050fc       0x30 Battery_Software/boot/CMakeFiles/boot.dir/Users/ncc-michael/.pico-sdk/sdk/2.0.0/lib/tinyusb/src/portable/raspberrypi/rp2040/dcd_rp2040.c.obj
                0x100050fc                dcd_edpt_clear_stall
 .text.rp2040_usb_init
                0x1000512c       0x40 Battery_Software/boot/CMakeFiles/boot.dir/Users/ncc-michael/.pico-sdk/sdk/2.0.0/lib/tinyusb/src/portable/raspberrypi/rp2040/rp2040_usb.c.obj
                0x1000512c                rp2040_usb_init
 .text.hw_endpoint_xfer_start
                0x1000516c       0x40 Battery_Software/boot/CMakeFiles/boot.dir/Users/ncc-michael/.pico-sdk/sdk/2.0.0/lib/tinyusb/src/portable/raspberrypi/rp2040/rp2040_usb.c.obj
                0x1000516c                hw_endpoint_xfer_start
 .text.tud_event_hook_cb
                0x100051ac        0x4 Battery_Software/boot/CMakeFiles/boot.dir/Users/ncc-michael/.pico-sdk/sdk/2.0.0/lib/tinyusb/src/device/usbd.c.obj
                0x100051ac                tud_event_hook_cb
 .text.tud_sof_cb
                0x100051b0        0x4 Battery_Software/boot/CMakeFiles/boot.dir/Users/ncc-michael/.pico-sdk/sdk/2.0.0/lib/tinyusb/src/device/usbd.c.obj
                0x100051b0                tud_sof_cb
 .text.tud_descriptor_device_qualifier_cb
                0x100051b4        0x4 Battery_Software/boot/CMakeFiles/boot.dir/Users/ncc-michael/.pico-sdk/sdk/2.0.0/lib/tinyusb/src/device/usbd.c.obj
                0x100051b4                tud_descriptor_device_qualifier_cb
 .text.tud_descriptor_other_speed_configuration_cb
                0x100051b8        0x4 Battery_Software/boot/CMakeFiles/boot.dir/Users/ncc-michael/.pico-sdk/sdk/2.0.0/lib/tinyusb/src/device/usbd.c.obj
                0x100051b8                tud_descriptor_other_speed_configuration_cb
 .text.tud_mount_cb
                0x100051bc        0x4 Battery_Software/boot/CMakeFiles/boot.dir/Users/ncc-michael/.pico-sdk/sdk/2.0.0/lib/tinyusb/src/device/usbd.c.obj
                0x100051bc                tud_mount_cb
 .text.tud_umount_cb
                0x100051c0        0x4 Battery_Software/boot/CMakeFiles/boot.dir/Users/ncc-michael/.pico-sdk/sdk/2.0.0/lib/tinyusb/src/device/usbd.c.obj
                0x100051c0                tud_umount_cb
 .text.tud_suspend_cb
                0x100051c4        0x4 Battery_Software/boot/CMakeFiles/boot.dir/Users/ncc-michael/.pico-sdk/sdk/2.0.0/lib/tinyusb/src/device/usbd.c.obj
                0x100051c4                tud_suspend_cb
 .text.tud_resume_cb
                0x100051c8        0x4 Battery_Software/boot/CMakeFiles/boot.dir/Users/ncc-michael/.pico-sdk/sdk/2.0.0/lib/tinyusb/src/device/usbd.c.obj
                0x100051c8                tud_resume_cb
 .text.tud_mounted
                0x100051cc       0x10 Battery_Software/boot/CMakeFiles/boot.dir/Users/ncc-michael/.pico-sdk/sdk/2.0.0/lib/tinyusb/src/device/usbd.c.obj
                0x100051cc                tud_mounted
 .text.tud_suspended
                0x100051dc       0x10 Battery_Software/boot/CMakeFiles/boot.dir/Users/ncc-michael/.pico-sdk/sdk/2.0.0/lib/tinyusb/src/device/usbd.c.obj
                0x100051dc                tud_suspended
 .text.tud_init
                0x100051ec       0xe4 Battery_Software/boot/CMakeFiles/boot.dir/Users/ncc-michael/.pico-sdk/sdk/2.0.0/lib/tinyusb/src/device/usbd.c.obj
                0x100051ec                tud_init
 .text.tud_task_ext
                0x100052d0      0x800 Battery_Software/boot/CMakeFiles/boot.dir/Users/ncc-michael/.pico-sdk/sdk/2.0.0/lib/tinyusb/src/device/usbd.c.obj
                0x100052d0                tud_task_ext
 .text.usbd_open_edpt_pair
                0x10005ad0       0x9c Battery_Software/boot/CMakeFiles/boot.dir/Users/ncc-michael/.pico-sdk/sdk/2.0.0/lib/tinyusb/src/device/usbd.c.obj
                0x10005ad0                usbd_open_edpt_pair
 .text.usbd_edpt_open
                0x10005b6c       0x34 Battery_Software/boot/CMakeFiles/boot.dir/Users/ncc-michael/.pico-sdk/sdk/2.0.0/lib/tinyusb/src/device/usbd.c.obj
                0x10005b6c                usbd_edpt_open
 .text.usbd_edpt_claim
                0x10005ba0       0x28 Battery_Software/boot/CMakeFiles/boot.dir/Users/ncc-michael/.pico-sdk/sdk/2.0.0/lib/tinyusb/src/device/usbd.c.obj
                0x10005ba0                usbd_edpt_claim
 .text.usbd_edpt_release
                0x10005bc8       0x28 Battery_Software/boot/CMakeFiles/boot.dir/Users/ncc-michael/.pico-sdk/sdk/2.0.0/lib/tinyusb/src/device/usbd.c.obj
                0x10005bc8                usbd_edpt_release
 .text.usbd_edpt_xfer
                0x10005bf0       0x4c Battery_Software/boot/CMakeFiles/boot.dir/Users/ncc-michael/.pico-sdk/sdk/2.0.0/lib/tinyusb/src/device/usbd.c.obj
                0x10005bf0                usbd_edpt_xfer
 .text.tud_control_status
                0x10005c3c       0x2c Battery_Software/boot/CMakeFiles/boot.dir/Users/ncc-michael/.pico-sdk/sdk/2.0.0/lib/tinyusb/src/device/usbd_control.c.obj
                0x10005c3c                tud_control_status
 .text.tud_control_xfer
                0x10005c68       0xac Battery_Software/boot/CMakeFiles/boot.dir/Users/ncc-michael/.pico-sdk/sdk/2.0.0/lib/tinyusb/src/device/usbd_control.c.obj
                0x10005c68                tud_control_xfer
 .text.usbd_control_reset
                0x10005d14       0x14 Battery_Software/boot/CMakeFiles/boot.dir/Users/ncc-michael/.pico-sdk/sdk/2.0.0/lib/tinyusb/src/device/usbd_control.c.obj
                0x10005d14                usbd_control_reset
 .text.usbd_control_set_complete_callback
                0x10005d28        0xc Battery_Software/boot/CMakeFiles/boot.dir/Users/ncc-michael/.pico-sdk/sdk/2.0.0/lib/tinyusb/src/device/usbd_control.c.obj
                0x10005d28                usbd_control_set_complete_callback
 .text.usbd_control_set_request
                0x10005d34       0x1c Battery_Software/boot/CMakeFiles/boot.dir/Users/ncc-michael/.pico-sdk/sdk/2.0.0/lib/tinyusb/src/device/usbd_control.c.obj
                0x10005d34                usbd_control_set_request
 .text.usbd_control_xfer_cb
                0x10005d50       0xec Battery_Software/boot/CMakeFiles/boot.dir/Users/ncc-michael/.pico-sdk/sdk/2.0.0/lib/tinyusb/src/device/usbd_control.c.obj
                0x10005d50                usbd_control_xfer_cb
 .text._prep_out_transaction.isra.0
                0x10005e3c       0x5c Battery_Software/boot/CMakeFiles/boot.dir/Users/ncc-michael/.pico-sdk/sdk/2.0.0/lib/tinyusb/src/class/cdc/cdc_device.c.obj
 .text.tud_cdc_n_connected
                0x10005e98       0x30 Battery_Software/boot/CMakeFiles/boot.dir/Users/ncc-michael/.pico-sdk/sdk/2.0.0/lib/tinyusb/src/class/cdc/cdc_device.c.obj
                0x10005e98                tud_cdc_n_connected
 .text.tud_cdc_n_available
                0x10005ec8       0x18 Battery_Software/boot/CMakeFiles/boot.dir/Users/ncc-michael/.pico-sdk/sdk/2.0.0/lib/tinyusb/src/class/cdc/cdc_device.c.obj
                0x10005ec8                tud_cdc_n_available
 .text.tud_cdc_n_read
                0x10005ee0       0x98 Battery_Software/boot/CMakeFiles/boot.dir/Users/ncc-michael/.pico-sdk/sdk/2.0.0/lib/tinyusb/src/class/cdc/cdc_device.c.obj
                0x10005ee0                tud_cdc_n_read
 .text.tud_cdc_n_write_flush
                0x10005f78       0x78 Battery_Software/boot/CMakeFiles/boot.dir/Users/ncc-michael/.pico-sdk/sdk/2.0.0/lib/tinyusb/src/class/cdc/cdc_device.c.obj
                0x10005f78                tud_cdc_n_write_flush
 .text.tud_cdc_n_write
                0x10005ff0       0x40 Battery_Software/boot/CMakeFiles/boot.dir/Users/ncc-michael/.pico-sdk/sdk/2.0.0/lib/tinyusb/src/class/cdc/cdc_device.c.obj
                0x10005ff0                tud_cdc_n_write
 .text.tud_cdc_n_write_available
                0x10006030       0x18 Battery_Software/boot/CMakeFiles/boot.dir/Users/ncc-michael/.pico-sdk/sdk/2.0.0/lib/tinyusb/src/class/cdc/cdc_device.c.obj
                0x10006030                tud_cdc_n_write_available
 .text.cdcd_init
                0x10006048       0x7c Battery_Software/boot/CMakeFiles/boot.dir/Users/ncc-michael/.pico-sdk/sdk/2.0.0/lib/tinyusb/src/class/cdc/cdc_device.c.obj
                0x10006048                cdcd_init
 .text.cdcd_deinit
                0x100060c4       0x34 Battery_Software/boot/CMakeFiles/boot.dir/Users/ncc-michael/.pico-sdk/sdk/2.0.0/lib/tinyusb/src/class/cdc/cdc_device.c.obj
                0x100060c4                cdcd_deinit
 .text.cdcd_reset
                0x100060f8       0x4c Battery_Software/boot/CMakeFiles/boot.dir/Users/ncc-michael/.pico-sdk/sdk/2.0.0/lib/tinyusb/src/class/cdc/cdc_device.c.obj
                0x100060f8                cdcd_reset
 .text.cdcd_open
                0x10006144       0xb0 Battery_Software/boot/CMakeFiles/boot.dir/Users/ncc-michael/.pico-sdk/sdk/2.0.0/lib/tinyusb/src/class/cdc/cdc_device.c.obj
                0x10006144                cdcd_open
 .text.cdcd_control_xfer_cb
                0x100061f4       0xe4 Battery_Software/boot/CMakeFiles/boot.dir/Users/ncc-michael/.pico-sdk/sdk/2.0.0/lib/tinyusb/src/class/cdc/cdc_device.c.obj
                0x100061f4                cdcd_control_xfer_cb
 .text.cdcd_xfer_cb
                0x100062d8      0x100 Battery_Software/boot/CMakeFiles/boot.dir/Users/ncc-michael/.pico-sdk/sdk/2.0.0/lib/tinyusb/src/class/cdc/cdc_device.c.obj
                0x100062d8                cdcd_xfer_cb
 .text.tud_vendor_n_write_flush
                0x100063d8       0x78 Battery_Software/boot/CMakeFiles/boot.dir/Users/ncc-michael/.pico-sdk/sdk/2.0.0/lib/tinyusb/src/class/vendor/vendor_device.c.obj
                0x100063d8                tud_vendor_n_write_flush
 .text.vendord_init
                0x10006450       0x64 Battery_Software/boot/CMakeFiles/boot.dir/Users/ncc-michael/.pico-sdk/sdk/2.0.0/lib/tinyusb/src/class/vendor/vendor_device.c.obj
                0x10006450                vendord_init
 .text.vendord_deinit
                0x100064b4       0x34 Battery_Software/boot/CMakeFiles/boot.dir/Users/ncc-michael/.pico-sdk/sdk/2.0.0/lib/tinyusb/src/class/vendor/vendor_device.c.obj
                0x100064b4                vendord_deinit
 .text.vendord_reset
                0x100064e8       0x1c Battery_Software/boot/CMakeFiles/boot.dir/Users/ncc-michael/.pico-sdk/sdk/2.0.0/lib/tinyusb/src/class/vendor/vendor_device.c.obj
                0x100064e8                vendord_reset
 .text.vendord_open
                0x10006504       0xd8 Battery_Software/boot/CMakeFiles/boot.dir/Users/ncc-michael/.pico-sdk/sdk/2.0.0/lib/tinyusb/src/class/vendor/vendor_device.c.obj
                0x10006504                vendord_open
 .text.vendord_xfer_cb
                0x100065dc       0xc8 Battery_Software/boot/CMakeFiles/boot.dir/Users/ncc-michael/.pico-sdk/sdk/2.0.0/lib/tinyusb/src/class/vendor/vendor_device.c.obj
                0x100065dc                vendord_xfer_cb
 .text.tusb_init
                0x100066a4        0xc Battery_Software/boot/CMakeFiles/boot.dir/Users/ncc-michael/.pico-sdk/sdk/2.0.0/lib/tinyusb/src/tusb.c.obj
                0x100066a4                tusb_init
 .text.tu_edpt_claim
                0x100066b0       0x50 Battery_Software/boot/CMakeFiles/boot.dir/Users/ncc-michael/.pico-sdk/sdk/2.0.0/lib/tinyusb/src/tusb.c.obj
                0x100066b0                tu_edpt_claim
 .text.tu_edpt_release
                0x10006700       0x38 Battery_Software/boot/CMakeFiles/boot.dir/Users/ncc-michael/.pico-sdk/sdk/2.0.0/lib/tinyusb/src/tusb.c.obj
                0x10006700                tu_edpt_release
 .text.tu_edpt_validate
                0x10006738       0x7c Battery_Software/boot/CMakeFiles/boot.dir/Users/ncc-michael/.pico-sdk/sdk/2.0.0/lib/tinyusb/src/tusb.c.obj
                0x10006738                tu_edpt_validate
 .text.tu_edpt_bind_driver
                0x100067b4       0x34 Battery_Software/boot/CMakeFiles/boot.dir/Users/ncc-michael/.pico-sdk/sdk/2.0.0/lib/tinyusb/src/tusb.c.obj
                0x100067b4                tu_edpt_bind_driver
 .text.tu_fifo_config
                0x100067e8       0x6c Battery_Software/boot/CMakeFiles/boot.dir/Users/ncc-michael/.pico-sdk/sdk/2.0.0/lib/tinyusb/src/common/tusb_fifo.c.obj
                0x100067e8                tu_fifo_config
 .text.tu_fifo_count
                0x10006854       0x2c Battery_Software/boot/CMakeFiles/boot.dir/Users/ncc-michael/.pico-sdk/sdk/2.0.0/lib/tinyusb/src/common/tusb_fifo.c.obj
                0x10006854                tu_fifo_count
 .text.tu_fifo_empty
                0x10006880       0x10 Battery_Software/boot/CMakeFiles/boot.dir/Users/ncc-michael/.pico-sdk/sdk/2.0.0/lib/tinyusb/src/common/tusb_fifo.c.obj
                0x10006880                tu_fifo_empty
 .text.tu_fifo_remaining
                0x10006890       0x2c Battery_Software/boot/CMakeFiles/boot.dir/Users/ncc-michael/.pico-sdk/sdk/2.0.0/lib/tinyusb/src/common/tusb_fifo.c.obj
                0x10006890                tu_fifo_remaining
 .text.tu_fifo_read
                0x100068bc       0x9c Battery_Software/boot/CMakeFiles/boot.dir/Users/ncc-michael/.pico-sdk/sdk/2.0.0/lib/tinyusb/src/common/tusb_fifo.c.obj
                0x100068bc                tu_fifo_read
 .text.tu_fifo_read_n
                0x10006958       0xe8 Battery_Software/boot/CMakeFiles/boot.dir/Users/ncc-michael/.pico-sdk/sdk/2.0.0/lib/tinyusb/src/common/tusb_fifo.c.obj
                0x10006958                tu_fifo_read_n
 .text.tu_fifo_write
                0x10006a40       0xa8 Battery_Software/boot/CMakeFiles/boot.dir/Users/ncc-michael/.pico-sdk/sdk/2.0.0/lib/tinyusb/src/common/tusb_fifo.c.obj
                0x10006a40                tu_fifo_write
 .text.tu_fifo_write_n
                0x10006ae8      0x178 Battery_Software/boot/CMakeFiles/boot.dir/Users/ncc-michael/.pico-sdk/sdk/2.0.0/lib/tinyusb/src/common/tusb_fifo.c.obj
                0x10006ae8                tu_fifo_write_n
 .text.tu_fifo_clear
                0x10006c60       0x40 Battery_Software/boot/CMakeFiles/boot.dir/Users/ncc-michael/.pico-sdk/sdk/2.0.0/lib/tinyusb/src/common/tusb_fifo.c.obj
                0x10006c60                tu_fifo_clear
 .text.tu_fifo_set_overwritable
                0x10006ca0       0x48 Battery_Software/boot/CMakeFiles/boot.dir/Users/ncc-michael/.pico-sdk/sdk/2.0.0/lib/tinyusb/src/common/tusb_fifo.c.obj
                0x10006ca0                tu_fifo_set_overwritable
 .text.pio_add_program
                0x10006ce8      0x104 Battery_Software/boot/CMakeFiles/boot.dir/Users/ncc-michael/.pico-sdk/sdk/2.0.0/src/rp2_common/hardware_pio/pio.c.obj
                0x10006ce8                pio_add_program
 .text.pio_sm_set_consecutive_pindirs
                0x10006dec       0xb4 Battery_Software/boot/CMakeFiles/boot.dir/Users/ncc-michael/.pico-sdk/sdk/2.0.0/src/rp2_common/hardware_pio/pio.c.obj
                0x10006dec                pio_sm_set_consecutive_pindirs
 .text.pio_sm_init
                0x10006ea0       0x98 Battery_Software/boot/CMakeFiles/boot.dir/Users/ncc-michael/.pico-sdk/sdk/2.0.0/src/rp2_common/hardware_pio/pio.c.obj
                0x10006ea0                pio_sm_init
 .text.i2c_read_blocking_internal
                0x10006f38       0xe4 Battery_Software/boot/CMakeFiles/boot.dir/Users/ncc-michael/.pico-sdk/sdk/2.0.0/src/rp2_common/hardware_i2c/i2c.c.obj
 .text.i2c_set_baudrate
                0x1000701c       0xc0 Battery_Software/boot/CMakeFiles/boot.dir/Users/ncc-michael/.pico-sdk/sdk/2.0.0/src/rp2_common/hardware_i2c/i2c.c.obj
                0x1000701c                i2c_set_baudrate
 .text.i2c_init
                0x100070dc       0x50 Battery_Software/boot/CMakeFiles/boot.dir/Users/ncc-michael/.pico-sdk/sdk/2.0.0/src/rp2_common/hardware_i2c/i2c.c.obj
                0x100070dc                i2c_init
 .text.i2c_write_blocking
                0x1000712c       0xd0 Battery_Software/boot/CMakeFiles/boot.dir/Users/ncc-michael/.pico-sdk/sdk/2.0.0/src/rp2_common/hardware_i2c/i2c.c.obj
                0x1000712c                i2c_write_blocking
 .text.i2c_read_blocking
                0x100071fc       0x90 Battery_Software/boot/CMakeFiles/boot.dir/Users/ncc-michael/.pico-sdk/sdk/2.0.0/src/rp2_common/hardware_i2c/i2c.c.obj
                0x100071fc                i2c_read_blocking
 .text.i2c_read_blocking_until
                0x1000728c       0x48 Battery_Software/boot/CMakeFiles/boot.dir/Users/ncc-michael/.pico-sdk/sdk/2.0.0/src/rp2_common/hardware_i2c/i2c.c.obj
                0x1000728c                i2c_read_blocking_until
 .text._Z12main_program8neopixel
                0x100072d4      0x178 Battery_Software/lib/libmain.a(main.cpp.obj)
                0x100072d4                main_program(neopixel)
 .text._ZN8neopixelC2EP8pio_hw_tj
                0x1000744c        0x8 Battery_Software/lib/libneopixel.a(neopixel.cpp.obj)
                0x1000744c                neopixel::neopixel(pio_hw_t*, unsigned int)
                0x1000744c                neopixel::neopixel(pio_hw_t*, unsigned int)
 .text._ZN8neopixel9put_pixelEi
                0x10007454       0x20 Battery_Software/lib/libneopixel.a(neopixel.cpp.obj)
                0x10007454                neopixel::put_pixel(int)
 .text._ZN8neopixel8urgb_u32Ehhh
                0x10007474        0xc Battery_Software/lib/libneopixel.a(neopixel.cpp.obj)
                0x10007474                neopixel::urgb_u32(unsigned char, unsigned char, unsigned char)
 .text._ZN5toolsC2EbPKc
                0x10007480        0x8 Battery_Software/lib/libtools.a(tools.cpp.obj)
                0x10007480                tools::tools(bool, char const*)
                0x10007480                tools::tools(bool, char const*)
 .text._ZN5tools11debug_printEPKc
                0x10007488       0x80 Battery_Software/lib/libtools.a(tools.cpp.obj)
                0x10007488                tools::debug_print(char const*)
 .text._ZN5tools8i2c_scanEP8i2c_inst
                0x10007508      0x10c Battery_Software/lib/libtools.a(tools.cpp.obj)
                0x10007508                tools::i2c_scan(i2c_inst*)
 .text._ZN9pysquared12check_rebootEv
                0x10007614       0x40 Battery_Software/lib/libpysquared.a(pysquared.cpp.obj)
                0x10007614                pysquared::check_reboot()
 .text._ZN9pysquared12all_faces_onEv
                0x10007654       0x84 Battery_Software/lib/libpysquared.a(pysquared.cpp.obj)
                0x10007654                pysquared::all_faces_on()
 .text._ZN9pysquaredC2E8neopixel
                0x100076d8      0x32c Battery_Software/lib/libpysquared.a(pysquared.cpp.obj)
                0x100076d8                pysquared::pysquared(neopixel)
                0x100076d8                pysquared::pysquared(neopixel)
 .text._ZN9pysquared13all_faces_offEv
                0x10007a04       0x84 Battery_Software/lib/libpysquared.a(pysquared.cpp.obj)
                0x10007a04                pysquared::all_faces_off()
 .text._ZN9pysquared14get_power_modeEv
                0x10007a88        0x8 Battery_Software/lib/libpysquared.a(pysquared.cpp.obj)
                0x10007a88                pysquared::get_power_mode()
 .text._ZN9pysquared21get_thermocouple_tempEv
                0x10007a90       0x98 Battery_Software/lib/libpysquared.a(pysquared.cpp.obj)
                0x10007a90                pysquared::get_thermocouple_temp()
 .text._ZN9pysquared17get_internal_tempEv
                0x10007b28       0x5c Battery_Software/lib/libpysquared.a(pysquared.cpp.obj)
                0x10007b28                pysquared::get_internal_temp()
 .text._ZN9pysquared19get_battery_voltageEv
                0x10007b84       0x58 Battery_Software/lib/libpysquared.a(pysquared.cpp.obj)
                0x10007b84                pysquared::get_battery_voltage()
 .text._ZN9pysquared16get_draw_currentEv
                0x10007bdc       0x58 Battery_Software/lib/libpysquared.a(pysquared.cpp.obj)
                0x10007bdc                pysquared::get_draw_current()
 .text._ZN9pysquared18get_charge_voltageEv
                0x10007c34       0x5c Battery_Software/lib/libpysquared.a(pysquared.cpp.obj)
                0x10007c34                pysquared::get_charge_voltage()
 .text._ZN9pysquared18get_charge_currentEv
                0x10007c90       0x5c Battery_Software/lib/libpysquared.a(pysquared.cpp.obj)
                0x10007c90                pysquared::get_charge_current()
 .text._ZN19satellite_functionsC2ER9pysquared
                0x10007cec       0x38 Battery_Software/lib/libfunctions.a(functions.cpp.obj)
                0x10007cec                satellite_functions::satellite_functions(pysquared&)
                0x10007cec                satellite_functions::satellite_functions(pysquared&)
 .text._ZN19satellite_functions15battery_managerEv
                0x10007d24      0x15c Battery_Software/lib/libfunctions.a(functions.cpp.obj)
                0x10007d24                satellite_functions::battery_manager()
 .text._ZN19satellite_functions13all_face_dataEv
                0x10007e80       0x6c Battery_Software/lib/libfunctions.a(functions.cpp.obj)
                0x10007e80                satellite_functions::all_face_data()
 .text._ZN8Big_DataC2EP8i2c_instR8TCA9548A
                0x10007eec       0x34 Battery_Software/lib/libbig_data.a(Big_Data.cpp.obj)
                0x10007eec                Big_Data::Big_Data(i2c_inst*, TCA9548A&)
                0x10007eec                Big_Data::Big_Data(i2c_inst*, TCA9548A&)
 .text._ZN8Big_Data14getTemperatureEh
                0x10007f20       0x2c Battery_Software/lib/libbig_data.a(Big_Data.cpp.obj)
                0x10007f20                Big_Data::getTemperature(unsigned char)
 .text._ZN8Big_Data15getAmbientLightEh
                0x10007f4c       0x28 Battery_Software/lib/libbig_data.a(Big_Data.cpp.obj)
                0x10007f4c                Big_Data::getAmbientLight(unsigned char)
 .text._ZN6INA219C2EP8i2c_insth
                0x10007f74        0x8 Battery_Software/lib/libina219.a(INA219.cpp.obj)
                0x10007f74                INA219::INA219(i2c_inst*, unsigned char)
                0x10007f74                INA219::INA219(i2c_inst*, unsigned char)
 .text._ZN6INA2199configureEv
                0x10007f7c       0x40 Battery_Software/lib/libina219.a(INA219.cpp.obj)
                0x10007f7c                INA219::configure()
 .text._ZN6INA21914readBusVoltageEv
                0x10007fbc       0x50 Battery_Software/lib/libina219.a(INA219.cpp.obj)
                0x10007fbc                INA219::readBusVoltage()
 .text._ZN6INA21911readCurrentEv
                0x1000800c       0x38 Battery_Software/lib/libina219.a(INA219.cpp.obj)
                0x1000800c                INA219::readCurrent()
 .text._ZN7PCT2075C2EP8i2c_insth
                0x10008044        0x8 Battery_Software/lib/libpct2075.a(PCT2075.cpp.obj)
                0x10008044                PCT2075::PCT2075(i2c_inst*, unsigned char)
                0x10008044                PCT2075::PCT2075(i2c_inst*, unsigned char)
 .text._ZN7PCT207515readTemperatureEv
                0x1000804c       0x64 Battery_Software/lib/libpct2075.a(PCT2075.cpp.obj)
                0x1000804c                PCT2075::readTemperature()
 .text._ZN7PCA9685C2EP8i2c_insth
                0x100080b0        0x8 Battery_Software/lib/libpca9685.a(PCA9685.cpp.obj)
                0x100080b0                PCA9685::PCA9685(i2c_inst*, unsigned char)
                0x100080b0                PCA9685::PCA9685(i2c_inst*, unsigned char)
 .text._ZN7PCA96859configureEv
                0x100080b8       0x3c Battery_Software/lib/libpca9685.a(PCA9685.cpp.obj)
                0x100080b8                PCA9685::configure()
 .text._ZN7PCA968512setPortStateEhb
                0x100080f4       0xdc Battery_Software/lib/libpca9685.a(PCA9685.cpp.obj)
                0x100080f4                PCA9685::setPortState(unsigned char, bool)
 .text._ZN8TCA9548AC2EP8i2c_insth
                0x100081d0       0x3c Battery_Software/lib/libtca9548a.a(TCA9548A.cpp.obj)
                0x100081d0                TCA9548A::TCA9548A(i2c_inst*, unsigned char)
                0x100081d0                TCA9548A::TCA9548A(i2c_inst*, unsigned char)
 .text._ZN8TCA9548A9configureEv
                0x1000820c       0x1c Battery_Software/lib/libtca9548a.a(TCA9548A.cpp.obj)
                0x1000820c                TCA9548A::configure()
 .text._ZN8TCA9548A13enableChannelEh
                0x10008228       0x2c Battery_Software/lib/libtca9548a.a(TCA9548A.cpp.obj)
                0x10008228                TCA9548A::enableChannel(unsigned char)
 .text._ZN8TCA9548A18disableAllChannelsEv
                0x10008254       0x1c Battery_Software/lib/libtca9548a.a(TCA9548A.cpp.obj)
                0x10008254                TCA9548A::disableAllChannels()
 .text._ZN8TCA9548A12scanChannelsEv
                0x10008270       0xd0 Battery_Software/lib/libtca9548a.a(TCA9548A.cpp.obj)
                0x10008270                TCA9548A::scanChannels()
 .text._ZN7MCP9808C2EP8i2c_insth
                0x10008340        0x8 Battery_Software/lib/libmcp9808.a(MCP9808.cpp.obj)
                0x10008340                MCP9808::MCP9808(i2c_inst*, unsigned char)
                0x10008340                MCP9808::MCP9808(i2c_inst*, unsigned char)
 .text._ZN7MCP980815readTemperatureEv
                0x10008348       0x54 Battery_Software/lib/libmcp9808.a(MCP9808.cpp.obj)
                0x10008348                MCP9808::readTemperature()
 .text._ZN8VEML7700C2EP8i2c_insth
                0x1000839c        0x8 Battery_Software/lib/libveml7700.a(VEML7700.cpp.obj)
                0x1000839c                VEML7700::VEML7700(i2c_inst*, unsigned char)
                0x1000839c                VEML7700::VEML7700(i2c_inst*, unsigned char)
 .text._ZN8VEML770016readAmbientLightEv
                0x100083a4       0x38 Battery_Software/lib/libveml7700.a(VEML7700.cpp.obj)
                0x100083a4                VEML7700::readAmbientLight()
 .text._ZN7DRV2605C2EP8i2c_insth
                0x100083dc        0x8 Battery_Software/lib/libdrv2605.a(DRV2605.cpp.obj)
                0x100083dc                DRV2605::DRV2605(i2c_inst*, unsigned char)
                0x100083dc                DRV2605::DRV2605(i2c_inst*, unsigned char)
 .text._ZN7ADS1015C2EP8i2c_insth
                0x100083e4        0x8 Battery_Software/lib/libads1015.a(ADS1015.cpp.obj)
                0x100083e4                ADS1015::ADS1015(i2c_inst*, unsigned char)
                0x100083e4                ADS1015::ADS1015(i2c_inst*, unsigned char)
 .text._ZN7ADS10159configureEv
                0x100083ec       0x24 Battery_Software/lib/libads1015.a(ADS1015.cpp.obj)
                0x100083ec                ADS1015::configure()
 .text._ZN7ADS101515readSingleEndedEh
                0x10008410       0x88 Battery_Software/lib/libads1015.a(ADS1015.cpp.obj)
                0x10008410                ADS1015::readSingleEnded(unsigned char)
 .text.__cxa_end_cleanup
                0x10008498        0xc /Users/ncc-michael/.pico-sdk/toolchain/13_2_Rel1/bin/../lib/gcc/arm-none-eabi/13.2.1/../../../../arm-none-eabi/lib/thumb/v6-m/nofp/libstdc++.a(eh_arm.o)
                0x10008498                __cxa_end_cleanup
 .text.__cxa_type_match
                0x100084a4       0xc0 /Users/ncc-michael/.pico-sdk/toolchain/13_2_Rel1/bin/../lib/gcc/arm-none-eabi/13.2.1/../../../../arm-none-eabi/lib/thumb/v6-m/nofp/libstdc++.a(eh_arm.o)
                0x100084a4                __cxa_type_match
 .text.__cxa_begin_cleanup
                0x10008564       0x60 /Users/ncc-michael/.pico-sdk/toolchain/13_2_Rel1/bin/../lib/gcc/arm-none-eabi/13.2.1/../../../../arm-none-eabi/lib/thumb/v6-m/nofp/libstdc++.a(eh_arm.o)
                0x10008564                __cxa_begin_cleanup
 .text.__gnu_end_cleanup
                0x100085c4       0x70 /Users/ncc-michael/.pico-sdk/toolchain/13_2_Rel1/bin/../lib/gcc/arm-none-eabi/13.2.1/../../../../arm-none-eabi/lib/thumb/v6-m/nofp/libstdc++.a(eh_arm.o)
                0x100085c4                __gnu_end_cleanup
 .text.__cxa_begin_catch
                0x10008634       0x74 /Users/ncc-michael/.pico-sdk/toolchain/13_2_Rel1/bin/../lib/gcc/arm-none-eabi/13.2.1/../../../../arm-none-eabi/lib/thumb/v6-m/nofp/libstdc++.a(eh_catch.o)
                0x10008634                __cxa_begin_catch
 .text.__cxa_end_catch
                0x100086a8       0x90 /Users/ncc-michael/.pico-sdk/toolchain/13_2_Rel1/bin/../lib/gcc/arm-none-eabi/13.2.1/../../../../arm-none-eabi/lib/thumb/v6-m/nofp/libstdc++.a(eh_catch.o)
                0x100086a8                __cxa_end_catch
 .text._ZNSt13bad_exceptionD2Ev
                0x10008738        0x4 /Users/ncc-michael/.pico-sdk/toolchain/13_2_Rel1/bin/../lib/gcc/arm-none-eabi/13.2.1/../../../../arm-none-eabi/lib/thumb/v6-m/nofp/libstdc++.a(eh_exception.o)
                0x10008738                std::bad_exception::~bad_exception()
                0x10008738                std::bad_exception::~bad_exception()
 .text._ZNKSt13bad_exception4whatEv
                0x1000873c        0x8 /Users/ncc-michael/.pico-sdk/toolchain/13_2_Rel1/bin/../lib/gcc/arm-none-eabi/13.2.1/../../../../arm-none-eabi/lib/thumb/v6-m/nofp/libstdc++.a(eh_exception.o)
                0x1000873c                transaction clone for std::bad_exception::what() const
                0x1000873c                std::bad_exception::what() const
 .text._ZNSt13bad_exceptionD0Ev
                0x10008744       0x10 /Users/ncc-michael/.pico-sdk/toolchain/13_2_Rel1/bin/../lib/gcc/arm-none-eabi/13.2.1/../../../../arm-none-eabi/lib/thumb/v6-m/nofp/libstdc++.a(eh_exception.o)
                0x10008744                std::bad_exception::~bad_exception()
 .text.__cxa_get_globals_fast
                0x10008754        0x8 /Users/ncc-michael/.pico-sdk/toolchain/13_2_Rel1/bin/../lib/gcc/arm-none-eabi/13.2.1/../../../../arm-none-eabi/lib/thumb/v6-m/nofp/libstdc++.a(eh_globals.o)
                0x10008754                __cxa_get_globals_fast
 .text.__cxa_get_globals
                0x1000875c        0x8 /Users/ncc-michael/.pico-sdk/toolchain/13_2_Rel1/bin/../lib/gcc/arm-none-eabi/13.2.1/../../../../arm-none-eabi/lib/thumb/v6-m/nofp/libstdc++.a(eh_globals.o)
                0x1000875c                __cxa_get_globals
 .text._ZL28read_encoded_value_with_basehjPKhPj
                0x10008764      0x104 /Users/ncc-michael/.pico-sdk/toolchain/13_2_Rel1/bin/../lib/gcc/arm-none-eabi/13.2.1/../../../../arm-none-eabi/lib/thumb/v6-m/nofp/libstdc++.a(eh_personality.o)
 .text._ZL21base_of_encoded_valuehP15_Unwind_Context
                0x10008868       0x40 /Users/ncc-michael/.pico-sdk/toolchain/13_2_Rel1/bin/../lib/gcc/arm-none-eabi/13.2.1/../../../../arm-none-eabi/lib/thumb/v6-m/nofp/libstdc++.a(eh_personality.o)
 .text._ZL17parse_lsda_headerP15_Unwind_ContextPKhP16lsda_header_info
                0x100088a8       0x94 /Users/ncc-michael/.pico-sdk/toolchain/13_2_Rel1/bin/../lib/gcc/arm-none-eabi/13.2.1/../../../../arm-none-eabi/lib/thumb/v6-m/nofp/libstdc++.a(eh_personality.o)
 .text.__gxx_personality_v0
                0x1000893c      0x4b4 /Users/ncc-michael/.pico-sdk/toolchain/13_2_Rel1/bin/../lib/gcc/arm-none-eabi/13.2.1/../../../../arm-none-eabi/lib/thumb/v6-m/nofp/libstdc++.a(eh_personality.o)
                0x1000893c                __gxx_personality_v0
 .text._ZN10__cxxabiv111__terminateEPFvvE
                0x10008df0       0x10 /Users/ncc-michael/.pico-sdk/toolchain/13_2_Rel1/bin/../lib/gcc/arm-none-eabi/13.2.1/../../../../arm-none-eabi/lib/thumb/v6-m/nofp/libstdc++.a(eh_terminate.o)
                0x10008df0                __cxxabiv1::__terminate(void (*)())
 .text._ZSt9terminatev
                0x10008e00       0x10 /Users/ncc-michael/.pico-sdk/toolchain/13_2_Rel1/bin/../lib/gcc/arm-none-eabi/13.2.1/../../../../arm-none-eabi/lib/thumb/v6-m/nofp/libstdc++.a(eh_terminate.o)
                0x10008e00                std::terminate()
 .text._ZN10__cxxabiv112__unexpectedEPFvvE
                0x10008e10        0x8 /Users/ncc-michael/.pico-sdk/toolchain/13_2_Rel1/bin/../lib/gcc/arm-none-eabi/13.2.1/../../../../arm-none-eabi/lib/thumb/v6-m/nofp/libstdc++.a(eh_terminate.o)
                0x10008e10                __cxxabiv1::__unexpected(void (*)())
 .text._ZSt10unexpectedv
                0x10008e18       0x10 /Users/ncc-michael/.pico-sdk/toolchain/13_2_Rel1/bin/../lib/gcc/arm-none-eabi/13.2.1/../../../../arm-none-eabi/lib/thumb/v6-m/nofp/libstdc++.a(eh_terminate.o)
                0x10008e18                std::unexpected()
 .text._ZSt13get_terminatev
                0x10008e28        0xc /Users/ncc-michael/.pico-sdk/toolchain/13_2_Rel1/bin/../lib/gcc/arm-none-eabi/13.2.1/../../../../arm-none-eabi/lib/thumb/v6-m/nofp/libstdc++.a(eh_terminate.o)
                0x10008e28                std::get_terminate()
 .text._ZSt14get_unexpectedv
                0x10008e34        0xc /Users/ncc-michael/.pico-sdk/toolchain/13_2_Rel1/bin/../lib/gcc/arm-none-eabi/13.2.1/../../../../arm-none-eabi/lib/thumb/v6-m/nofp/libstdc++.a(eh_terminate.o)
                0x10008e34                std::get_unexpected()
 .text._ZN10__cxxabiv120__si_class_type_infoD2Ev
                0x10008e40       0x14 /Users/ncc-michael/.pico-sdk/toolchain/13_2_Rel1/bin/../lib/gcc/arm-none-eabi/13.2.1/../../../../arm-none-eabi/lib/thumb/v6-m/nofp/libstdc++.a(si_class_type_info.o)
                0x10008e40                __cxxabiv1::__si_class_type_info::~__si_class_type_info()
                0x10008e40                __cxxabiv1::__si_class_type_info::~__si_class_type_info()
 .text._ZN10__cxxabiv120__si_class_type_infoD0Ev
                0x10008e54       0x1c /Users/ncc-michael/.pico-sdk/toolchain/13_2_Rel1/bin/../lib/gcc/arm-none-eabi/13.2.1/../../../../arm-none-eabi/lib/thumb/v6-m/nofp/libstdc++.a(si_class_type_info.o)
                0x10008e54                __cxxabiv1::__si_class_type_info::~__si_class_type_info()
 .text._ZNK10__cxxabiv120__si_class_type_info20__do_find_public_srcEiPKvPKNS_17__class_type_infoES2_
                0x10008e70       0x38 /Users/ncc-michael/.pico-sdk/toolchain/13_2_Rel1/bin/../lib/gcc/arm-none-eabi/13.2.1/../../../../arm-none-eabi/lib/thumb/v6-m/nofp/libstdc++.a(si_class_type_info.o)
                0x10008e70                __cxxabiv1::__si_class_type_info::__do_find_public_src(int, void const*, __cxxabiv1::__class_type_info const*, void const*) const
 .text._ZNK10__cxxabiv120__si_class_type_info12__do_dyncastEiNS_17__class_type_info10__sub_kindEPKS1_PKvS4_S6_RNS1_16__dyncast_resultE
                0x10008ea8       0x88 /Users/ncc-michael/.pico-sdk/toolchain/13_2_Rel1/bin/../lib/gcc/arm-none-eabi/13.2.1/../../../../arm-none-eabi/lib/thumb/v6-m/nofp/libstdc++.a(si_class_type_info.o)
                0x10008ea8                __cxxabiv1::__si_class_type_info::__do_dyncast(int, __cxxabiv1::__class_type_info::__sub_kind, __cxxabiv1::__class_type_info const*, void const*, __cxxabiv1::__class_type_info const*, void const*, __cxxabiv1::__class_type_info::__dyncast_result&) const
 .text._ZNK10__cxxabiv120__si_class_type_info11__do_upcastEPKNS_17__class_type_infoEPKvRNS1_15__upcast_resultE
                0x10008f30       0x24 /Users/ncc-michael/.pico-sdk/toolchain/13_2_Rel1/bin/../lib/gcc/arm-none-eabi/13.2.1/../../../../arm-none-eabi/lib/thumb/v6-m/nofp/libstdc++.a(si_class_type_info.o)
                0x10008f30                __cxxabiv1::__si_class_type_info::__do_upcast(__cxxabiv1::__class_type_info const*, void const*, __cxxabiv1::__class_type_info::__upcast_result&) const
 .text._ZNSt9type_infoD2Ev
                0x10008f54        0x4 /Users/ncc-michael/.pico-sdk/toolchain/13_2_Rel1/bin/../lib/gcc/arm-none-eabi/13.2.1/../../../../arm-none-eabi/lib/thumb/v6-m/nofp/libstdc++.a(tinfo.o)
                0x10008f54                std::type_info::~type_info()
                0x10008f54                std::type_info::~type_info()
 .text._ZNKSt9type_info14__is_pointer_pEv
                0x10008f58        0x4 /Users/ncc-michael/.pico-sdk/toolchain/13_2_Rel1/bin/../lib/gcc/arm-none-eabi/13.2.1/../../../../arm-none-eabi/lib/thumb/v6-m/nofp/libstdc++.a(tinfo.o)
                0x10008f58                std::type_info::__is_function_p() const
                0x10008f58                std::type_info::__is_pointer_p() const
 .text._ZNKSt9type_infoeqERKS_
                0x10008f5c       0x30 /Users/ncc-michael/.pico-sdk/toolchain/13_2_Rel1/bin/../lib/gcc/arm-none-eabi/13.2.1/../../../../arm-none-eabi/lib/thumb/v6-m/nofp/libstdc++.a(tinfo.o)
                0x10008f5c                std::type_info::__equal(std::type_info const&) const
                0x10008f5c                std::type_info::operator==(std::type_info const&) const
 .text._ZN9__gnu_cxx27__verbose_terminate_handlerEv
                0x10008f8c      0x114 /Users/ncc-michael/.pico-sdk/toolchain/13_2_Rel1/bin/../lib/gcc/arm-none-eabi/13.2.1/../../../../arm-none-eabi/lib/thumb/v6-m/nofp/libstdc++.a(vterminate.o)
                0x10008f8c                __gnu_cxx::__verbose_terminate_handler()
 .text._ZNK10__cxxabiv117__class_type_info11__do_upcastEPKS0_PPv
                0x100090a0       0x34 /Users/ncc-michael/.pico-sdk/toolchain/13_2_Rel1/bin/../lib/gcc/arm-none-eabi/13.2.1/../../../../arm-none-eabi/lib/thumb/v6-m/nofp/libstdc++.a(class_type_info.o)
                0x100090a0                __cxxabiv1::__class_type_info::__do_upcast(__cxxabiv1::__class_type_info const*, void**) const
 .text._ZNK10__cxxabiv117__class_type_info20__do_find_public_srcEiPKvPKS0_S2_
                0x100090d4       0x14 /Users/ncc-michael/.pico-sdk/toolchain/13_2_Rel1/bin/../lib/gcc/arm-none-eabi/13.2.1/../../../../arm-none-eabi/lib/thumb/v6-m/nofp/libstdc++.a(class_type_info.o)
                0x100090d4                __cxxabiv1::__class_type_info::__do_find_public_src(int, void const*, __cxxabiv1::__class_type_info const*, void const*) const
 .text._ZN10__cxxabiv117__class_type_infoD2Ev
                0x100090e8       0x14 /Users/ncc-michael/.pico-sdk/toolchain/13_2_Rel1/bin/../lib/gcc/arm-none-eabi/13.2.1/../../../../arm-none-eabi/lib/thumb/v6-m/nofp/libstdc++.a(class_type_info.o)
                0x100090e8                __cxxabiv1::__class_type_info::~__class_type_info()
                0x100090e8                __cxxabiv1::__class_type_info::~__class_type_info()
 .text._ZN10__cxxabiv117__class_type_infoD0Ev
                0x100090fc       0x1c /Users/ncc-michael/.pico-sdk/toolchain/13_2_Rel1/bin/../lib/gcc/arm-none-eabi/13.2.1/../../../../arm-none-eabi/lib/thumb/v6-m/nofp/libstdc++.a(class_type_info.o)
                0x100090fc                __cxxabiv1::__class_type_info::~__class_type_info()
 .text._ZNK10__cxxabiv117__class_type_info12__do_dyncastEiNS0_10__sub_kindEPKS0_PKvS3_S5_RNS0_16__dyncast_resultE
                0x10009118       0x40 /Users/ncc-michael/.pico-sdk/toolchain/13_2_Rel1/bin/../lib/gcc/arm-none-eabi/13.2.1/../../../../arm-none-eabi/lib/thumb/v6-m/nofp/libstdc++.a(class_type_info.o)
                0x10009118                __cxxabiv1::__class_type_info::__do_dyncast(int, __cxxabiv1::__class_type_info::__sub_kind, __cxxabiv1::__class_type_info const*, void const*, __cxxabiv1::__class_type_info const*, void const*, __cxxabiv1::__class_type_info::__dyncast_result&) const
 .text._ZNK10__cxxabiv117__class_type_info11__do_upcastEPKS0_PKvRNS0_15__upcast_resultE
                0x10009158       0x1c /Users/ncc-michael/.pico-sdk/toolchain/13_2_Rel1/bin/../lib/gcc/arm-none-eabi/13.2.1/../../../../arm-none-eabi/lib/thumb/v6-m/nofp/libstdc++.a(class_type_info.o)
                0x10009158                __cxxabiv1::__class_type_info::__do_upcast(__cxxabiv1::__class_type_info const*, void const*, __cxxabiv1::__class_type_info::__upcast_result&) const
 .text._ZNK10__cxxabiv117__class_type_info10__do_catchEPKSt9type_infoPPvj
                0x10009174       0x24 /Users/ncc-michael/.pico-sdk/toolchain/13_2_Rel1/bin/../lib/gcc/arm-none-eabi/13.2.1/../../../../arm-none-eabi/lib/thumb/v6-m/nofp/libstdc++.a(class_type_info.o)
                0x10009174                __cxxabiv1::__class_type_info::__do_catch(std::type_info const*, void**, unsigned int) const
 .text.d_make_comp
                0x10009198       0xd8 /Users/ncc-michael/.pico-sdk/toolchain/13_2_Rel1/bin/../lib/gcc/arm-none-eabi/13.2.1/../../../../arm-none-eabi/lib/thumb/v6-m/nofp/libstdc++.a(cp-demangle.o)
 .text.d_number
                0x10009270       0x80 /Users/ncc-michael/.pico-sdk/toolchain/13_2_Rel1/bin/../lib/gcc/arm-none-eabi/13.2.1/../../../../arm-none-eabi/lib/thumb/v6-m/nofp/libstdc++.a(cp-demangle.o)
 .text.d_call_offset
                0x100092f0       0x4c /Users/ncc-michael/.pico-sdk/toolchain/13_2_Rel1/bin/../lib/gcc/arm-none-eabi/13.2.1/../../../../arm-none-eabi/lib/thumb/v6-m/nofp/libstdc++.a(cp-demangle.o)
 .text.d_discriminator
                0x1000933c       0x4c /Users/ncc-michael/.pico-sdk/toolchain/13_2_Rel1/bin/../lib/gcc/arm-none-eabi/13.2.1/../../../../arm-none-eabi/lib/thumb/v6-m/nofp/libstdc++.a(cp-demangle.o)
 .text.d_count_templates_scopes
                0x10009388       0xb8 /Users/ncc-michael/.pico-sdk/toolchain/13_2_Rel1/bin/../lib/gcc/arm-none-eabi/13.2.1/../../../../arm-none-eabi/lib/thumb/v6-m/nofp/libstdc++.a(cp-demangle.o)
 .text.d_index_template_argument.part.0
                0x10009440       0x20 /Users/ncc-michael/.pico-sdk/toolchain/13_2_Rel1/bin/../lib/gcc/arm-none-eabi/13.2.1/../../../../arm-none-eabi/lib/thumb/v6-m/nofp/libstdc++.a(cp-demangle.o)
 .text.d_growable_string_callback_adapter
                0x10009460       0x80 /Users/ncc-michael/.pico-sdk/toolchain/13_2_Rel1/bin/../lib/gcc/arm-none-eabi/13.2.1/../../../../arm-none-eabi/lib/thumb/v6-m/nofp/libstdc++.a(cp-demangle.o)
 .text.next_is_type_qual.isra.0
                0x100094e0       0x30 /Users/ncc-michael/.pico-sdk/toolchain/13_2_Rel1/bin/../lib/gcc/arm-none-eabi/13.2.1/../../../../arm-none-eabi/lib/thumb/v6-m/nofp/libstdc++.a(cp-demangle.o)
 .text.d_append_char
                0x10009510       0x44 /Users/ncc-michael/.pico-sdk/toolchain/13_2_Rel1/bin/../lib/gcc/arm-none-eabi/13.2.1/../../../../arm-none-eabi/lib/thumb/v6-m/nofp/libstdc++.a(cp-demangle.o)
 .text.d_lookup_template_argument
                0x10009554       0x40 /Users/ncc-michael/.pico-sdk/toolchain/13_2_Rel1/bin/../lib/gcc/arm-none-eabi/13.2.1/../../../../arm-none-eabi/lib/thumb/v6-m/nofp/libstdc++.a(cp-demangle.o)
 .text.d_find_pack
                0x10009594       0x58 /Users/ncc-michael/.pico-sdk/toolchain/13_2_Rel1/bin/../lib/gcc/arm-none-eabi/13.2.1/../../../../arm-none-eabi/lib/thumb/v6-m/nofp/libstdc++.a(cp-demangle.o)
 .text.d_append_string
                0x100095ec       0x78 /Users/ncc-michael/.pico-sdk/toolchain/13_2_Rel1/bin/../lib/gcc/arm-none-eabi/13.2.1/../../../../arm-none-eabi/lib/thumb/v6-m/nofp/libstdc++.a(cp-demangle.o)
 .text.d_template_param
                0x10009664       0x5c /Users/ncc-michael/.pico-sdk/toolchain/13_2_Rel1/bin/../lib/gcc/arm-none-eabi/13.2.1/../../../../arm-none-eabi/lib/thumb/v6-m/nofp/libstdc++.a(cp-demangle.o)
 .text.d_append_num
                0x100096c0       0x8c /Users/ncc-michael/.pico-sdk/toolchain/13_2_Rel1/bin/../lib/gcc/arm-none-eabi/13.2.1/../../../../arm-none-eabi/lib/thumb/v6-m/nofp/libstdc++.a(cp-demangle.o)
 .text.d_source_name
                0x1000974c       0xec /Users/ncc-michael/.pico-sdk/toolchain/13_2_Rel1/bin/../lib/gcc/arm-none-eabi/13.2.1/../../../../arm-none-eabi/lib/thumb/v6-m/nofp/libstdc++.a(cp-demangle.o)
 .text.d_substitution
                0x10009838      0x184 /Users/ncc-michael/.pico-sdk/toolchain/13_2_Rel1/bin/../lib/gcc/arm-none-eabi/13.2.1/../../../../arm-none-eabi/lib/thumb/v6-m/nofp/libstdc++.a(cp-demangle.o)
 .text.d_maybe_module_name
                0x100099bc       0x60 /Users/ncc-michael/.pico-sdk/toolchain/13_2_Rel1/bin/../lib/gcc/arm-none-eabi/13.2.1/../../../../arm-none-eabi/lib/thumb/v6-m/nofp/libstdc++.a(cp-demangle.o)
 .text.d_type   0x10009a1c      0x70c /Users/ncc-michael/.pico-sdk/toolchain/13_2_Rel1/bin/../lib/gcc/arm-none-eabi/13.2.1/../../../../arm-none-eabi/lib/thumb/v6-m/nofp/libstdc++.a(cp-demangle.o)
 .text.d_parmlist
                0x1000a128       0x84 /Users/ncc-michael/.pico-sdk/toolchain/13_2_Rel1/bin/../lib/gcc/arm-none-eabi/13.2.1/../../../../arm-none-eabi/lib/thumb/v6-m/nofp/libstdc++.a(cp-demangle.o)
 .text.d_bare_function_type
                0x1000a1ac       0x48 /Users/ncc-michael/.pico-sdk/toolchain/13_2_Rel1/bin/../lib/gcc/arm-none-eabi/13.2.1/../../../../arm-none-eabi/lib/thumb/v6-m/nofp/libstdc++.a(cp-demangle.o)
 .text.d_function_type
                0x1000a1f4       0x94 /Users/ncc-michael/.pico-sdk/toolchain/13_2_Rel1/bin/../lib/gcc/arm-none-eabi/13.2.1/../../../../arm-none-eabi/lib/thumb/v6-m/nofp/libstdc++.a(cp-demangle.o)
 .text.d_template_parm
                0x1000a288       0x78 /Users/ncc-michael/.pico-sdk/toolchain/13_2_Rel1/bin/../lib/gcc/arm-none-eabi/13.2.1/../../../../arm-none-eabi/lib/thumb/v6-m/nofp/libstdc++.a(cp-demangle.o)
 .text.d_template_head